Archive member included to satisfy reference by file (symbol)

/usr/lib/gcc/arm-none-eabi/15/../../../../arm-none-eabi/lib/thumb/v7-m/nofp/libc_nano.a(libc_a-atexit.o)
                              /usr/lib/gcc/arm-none-eabi/15/../../../../arm-none-eabi/lib/thumb/v7-m/nofp/crt0.o (atexit)
/usr/lib/gcc/arm-none-eabi/15/../../../../arm-none-eabi/lib/thumb/v7-m/nofp/libc_nano.a(libc_a-exit.o)
                              /usr/lib/gcc/arm-none-eabi/15/../../../../arm-none-eabi/lib/thumb/v7-m/nofp/crt0.o (exit)
/usr/lib/gcc/arm-none-eabi/15/../../../../arm-none-eabi/lib/thumb/v7-m/nofp/libc_nano.a(libc_a-findfp.o)
                              /usr/lib/gcc/arm-none-eabi/15/../../../../arm-none-eabi/lib/thumb/v7-m/nofp/libc_nano.a(libc_a-exit.o) (__stdio_exit_handler)
/usr/lib/gcc/arm-none-eabi/15/../../../../arm-none-eabi/lib/thumb/v7-m/nofp/libc_nano.a(libc_a-fwalk.o)
                              /usr/lib/gcc/arm-none-eabi/15/../../../../arm-none-eabi/lib/thumb/v7-m/nofp/libc_nano.a(libc_a-findfp.o) (_fwalk_sglue)
/usr/lib/gcc/arm-none-eabi/15/../../../../arm-none-eabi/lib/thumb/v7-m/nofp/libc_nano.a(libc_a-stdio.o)
                              /usr/lib/gcc/arm-none-eabi/15/../../../../arm-none-eabi/lib/thumb/v7-m/nofp/libc_nano.a(libc_a-findfp.o) (__sread)
/usr/lib/gcc/arm-none-eabi/15/../../../../arm-none-eabi/lib/thumb/v7-m/nofp/libc_nano.a(libc_a-memset.o)
                              /usr/lib/gcc/arm-none-eabi/15/../../../../arm-none-eabi/lib/thumb/v7-m/nofp/crt0.o (memset)
/usr/lib/gcc/arm-none-eabi/15/../../../../arm-none-eabi/lib/thumb/v7-m/nofp/libc_nano.a(libc_a-closer.o)
                              /usr/lib/gcc/arm-none-eabi/15/../../../../arm-none-eabi/lib/thumb/v7-m/nofp/libc_nano.a(libc_a-stdio.o) (_close_r)
/usr/lib/gcc/arm-none-eabi/15/../../../../arm-none-eabi/lib/thumb/v7-m/nofp/libc_nano.a(libc_a-reent.o)
                              /usr/lib/gcc/arm-none-eabi/15/../../../../arm-none-eabi/lib/thumb/v7-m/nofp/libc_nano.a(libc_a-closer.o) (errno)
/usr/lib/gcc/arm-none-eabi/15/../../../../arm-none-eabi/lib/thumb/v7-m/nofp/libc_nano.a(libc_a-impure.o)
                              /usr/lib/gcc/arm-none-eabi/15/../../../../arm-none-eabi/lib/thumb/v7-m/nofp/libc_nano.a(libc_a-reent.o) (_impure_ptr)
/usr/lib/gcc/arm-none-eabi/15/../../../../arm-none-eabi/lib/thumb/v7-m/nofp/libc_nano.a(libc_a-lseekr.o)
                              /usr/lib/gcc/arm-none-eabi/15/../../../../arm-none-eabi/lib/thumb/v7-m/nofp/libc_nano.a(libc_a-stdio.o) (_lseek_r)
/usr/lib/gcc/arm-none-eabi/15/../../../../arm-none-eabi/lib/thumb/v7-m/nofp/libc_nano.a(libc_a-readr.o)
                              /usr/lib/gcc/arm-none-eabi/15/../../../../arm-none-eabi/lib/thumb/v7-m/nofp/libc_nano.a(libc_a-stdio.o) (_read_r)
/usr/lib/gcc/arm-none-eabi/15/../../../../arm-none-eabi/lib/thumb/v7-m/nofp/libc_nano.a(libc_a-writer.o)
                              /usr/lib/gcc/arm-none-eabi/15/../../../../arm-none-eabi/lib/thumb/v7-m/nofp/libc_nano.a(libc_a-stdio.o) (_write_r)
/usr/lib/gcc/arm-none-eabi/15/../../../../arm-none-eabi/lib/thumb/v7-m/nofp/libc_nano.a(libc_a-init.o)
                              /usr/lib/gcc/arm-none-eabi/15/../../../../arm-none-eabi/lib/thumb/v7-m/nofp/crt0.o (__libc_init_array)
/usr/lib/gcc/arm-none-eabi/15/../../../../arm-none-eabi/lib/thumb/v7-m/nofp/libc_nano.a(libc_a-fini.o)
                              /usr/lib/gcc/arm-none-eabi/15/../../../../arm-none-eabi/lib/thumb/v7-m/nofp/crt0.o (__libc_fini_array)
/usr/lib/gcc/arm-none-eabi/15/../../../../arm-none-eabi/lib/thumb/v7-m/nofp/libc_nano.a(libc_a-__atexit.o)
                              /usr/lib/gcc/arm-none-eabi/15/../../../../arm-none-eabi/lib/thumb/v7-m/nofp/libc_nano.a(libc_a-atexit.o) (__register_exitproc)
/usr/lib/gcc/arm-none-eabi/15/../../../../arm-none-eabi/lib/thumb/v7-m/nofp/libc_nano.a(libc_a-__call_atexit.o)
                              /usr/lib/gcc/arm-none-eabi/15/../../../../arm-none-eabi/lib/thumb/v7-m/nofp/libc_nano.a(libc_a-__atexit.o) (__call_exitprocs)
/usr/lib/gcc/arm-none-eabi/15/../../../../arm-none-eabi/lib/thumb/v7-m/nofp/libc_nano.a(libc_a-freer.o)
                              /usr/lib/gcc/arm-none-eabi/15/../../../../arm-none-eabi/lib/thumb/v7-m/nofp/libc_nano.a(libc_a-reent.o) (_free_r)
/usr/lib/gcc/arm-none-eabi/15/../../../../arm-none-eabi/lib/thumb/v7-m/nofp/libc_nano.a(libc_a-mallocr.o)
                              /usr/lib/gcc/arm-none-eabi/15/../../../../arm-none-eabi/lib/thumb/v7-m/nofp/libc_nano.a(libc_a-findfp.o) (_malloc_r)
/usr/lib/gcc/arm-none-eabi/15/../../../../arm-none-eabi/lib/thumb/v7-m/nofp/libc_nano.a(libc_a-mlock.o)
                              /usr/lib/gcc/arm-none-eabi/15/../../../../arm-none-eabi/lib/thumb/v7-m/nofp/libc_nano.a(libc_a-freer.o) (__malloc_lock)
/usr/lib/gcc/arm-none-eabi/15/../../../../arm-none-eabi/lib/thumb/v7-m/nofp/libc_nano.a(libc_a-fflush.o)
[...]
Memory Configuration

Name             Origin             Length             Attributes
RAM              0x20000000         0x00002800         xrw
FLASH            0x08000000         0x00008000         xr
*default*        0x00000000         0xffffffff

Linker script and memory map

LOAD /usr/lib/gcc/arm-none-eabi/15/thumb/v7-m/nofp/crti.o
LOAD /usr/lib/gcc/arm-none-eabi/15/thumb/v7-m/nofp/crtbegin.o
LOAD /usr/lib/gcc/arm-none-eabi/15/../../../../arm-none-eabi/lib/thumb/v7-m/nofp/crt0.o
START GROUP
LOAD /usr/lib/gcc/arm-none-eabi/15/../../../../arm-none-eabi/lib/thumb/v7-m/nofp/libc_nano.a
LOAD /usr/lib/gcc/arm-none-eabi/15/../../../../arm-none-eabi/lib/thumb/v7-m/nofp/libm.a
END GROUP
LOAD cmake/stm32cubemx/CMakeFiles/STM32_Drivers.dir/__/__/Core/Src/system_stm32f1xx.c.obj
LOAD cmake/stm32cubemx/CMakeFiles/STM32_Drivers.dir/__/__/Drivers/STM32F1xx_HAL_Driver/Src/stm32f1xx_hal_gpio_ex.c.obj
LOAD cmake/stm32cubemx/CMakeFiles/STM32_Drivers.dir/__/__/Drivers/STM32F1xx_HAL_Driver/Src/stm32f1xx_hal_i2c.c.obj
LOAD cmake/stm32cubemx/CMakeFiles/STM32_Drivers.dir/__/__/Drivers/STM32F1xx_HAL_Driver/Src/stm32f1xx_hal.c.obj
LOAD cmake/stm32cubemx/CMakeFiles/STM32_Drivers.dir/__/__/Drivers/STM32F1xx_HAL_Driver/Src/stm32f1xx_hal_rcc.c.obj
LOAD cmake/stm32cubemx/CMakeFiles/STM32_Drivers.dir/__/__/Drivers/STM32F1xx_HAL_Driver/Src/stm32f1xx_hal_rcc_ex.c.obj
LOAD cmake/stm32cubemx/CMakeFiles/STM32_Drivers.dir/__/__/Drivers/STM32F1xx_HAL_Driver/Src/stm32f1xx_hal_gpio.c.obj
LOAD cmake/stm32cubemx/CMakeFiles/STM32_Drivers.dir/__/__/Drivers/STM32F1xx_HAL_Driver/Src/stm32f1xx_hal_dma.c.obj
LOAD cmake/stm32cubemx/CMakeFiles/STM32_Drivers.dir/__/__/Drivers/STM32F1xx_HAL_Driver/Src/stm32f1xx_hal_cortex.c.obj
LOAD cmake/stm32cubemx/CMakeFiles/STM32_Drivers.dir/__/__/Drivers/STM32F1xx_HAL_Driver/Src/stm32f1xx_hal_pwr.c.obj
LOAD cmake/stm32cubemx/CMakeFiles/STM32_Drivers.dir/__/__/Drivers/STM32F1xx_HAL_Driver/Src/stm32f1xx_hal_flash.c.obj
LOAD cmake/stm32cubemx/CMakeFiles/STM32_Drivers.dir/__/__/Drivers/STM32F1xx_HAL_Driver/Src/stm32f1xx_hal_flash_ex.c.obj
LOAD cmake/stm32cubemx/CMakeFiles/STM32_Drivers.dir/__/__/Drivers/STM32F1xx_HAL_Driver/Src/stm32f1xx_hal_exti.c.obj
LOAD cmake/stm32cubemx/CMakeFiles/STM32_Drivers.dir/__/__/Drivers/STM32F1xx_HAL_Driver/Src/stm32f1xx_hal_iwdg.c.obj
LOAD cmake/stm32cubemx/CMakeFiles/STM32_Drivers.dir/__/__/Drivers/STM32F1xx_HAL_Driver/Src/stm32f1xx_hal_rtc.c.obj
LOAD cmake/stm32cubemx/CMakeFiles/STM32_Drivers.dir/__/__/Drivers/STM32F1xx_HAL_Driver/Src/stm32f1xx_hal_rtc_ex.c.obj
LOAD cmake/stm32cubemx/CMakeFiles/STM32_Drivers.dir/__/__/Drivers/STM32F1xx_HAL_Driver/Src/stm32f1xx_hal_tim.c.obj
LOAD cmake/stm32cubemx/CMakeFiles/STM32_Drivers.dir/__/__/Drivers/STM32F1xx_HAL_Driver/Src/stm32f1xx_hal_tim_ex.c.obj
LOAD cmake/stm32cubemx/CMakeFiles/STM32_Drivers.dir/__/__/Drivers/STM32F1xx_HAL_Driver/Src/stm32f1xx_hal_uart.c.obj
LOAD CMakeFiles/proj007stm32c6t6CMAKE.dir/Core/Src/main.c.obj
LOAD CMakeFiles/proj007stm32c6t6CMAKE.dir/Core/Src/stm32f1xx_it.c.obj
LOAD CMakeFiles/proj007stm32c6t6CMAKE.dir/Core/Src/stm32f1xx_hal_msp.c.obj
LOAD CMakeFiles/proj007stm32c6t6CMAKE.dir/Core/Src/sysmem.c.obj
LOAD CMakeFiles/proj007stm32c6t6CMAKE.dir/Core/Src/syscalls.c.obj
LOAD CMakeFiles/proj007stm32c6t6CMAKE.dir/startup_stm32f103x6.s.obj
START GROUP
LOAD /usr/lib/gcc/arm-none-eabi/15/thumb/v7-m/nofp/libgcc.a
LOAD /usr/lib/gcc/arm-none-eabi/15/../../../../arm-none-eabi/lib/thumb/v7-m/nofp/libg_nano.a
LOAD /usr/lib/gcc/arm-none-eabi/15/../../../../arm-none-eabi/lib/thumb/v7-m/nofp/libc_nano.a
END GROUP
START GROUP
LOAD /usr/lib/gcc/arm-none-eabi/15/thumb/v7-m/nofp/libgcc.a
LOAD /usr/lib/gcc/arm-none-eabi/15/../../../../arm-none-eabi/lib/thumb/v7-m/nofp/libc_nano.a
END GROUP
LOAD /usr/lib/gcc/arm-none-eabi/15/thumb/v7-m/nofp/crtend.o
LOAD /usr/lib/gcc/arm-none-eabi/15/thumb/v7-m/nofp/crtn.o
                0x20002800                        _estack = (ORIGIN (RAM) + LENGTH (RAM))
                0x00000200                        _Min_Heap_Size = 0x200
                0x00000400                        _Min_Stack_Size = 0x400

.isr_vector     0x08000000      0x10c
                0x08000000                        . = ALIGN (0x4)
 *(.isr_vector)
 .isr_vector    0x08000000      0x10c CMakeFiles/proj007stm32c6t6CMAKE.dir/startup_stm32f103x6.s.obj
                0x08000000                g_pfnVectors
                0x0800010c                        . = ALIGN (0x4)

.text           0x0800010c     0x4244
                0x0800010c                        . = ALIGN (0x4)
 *(.text)
 .text          0x0800010c       0x88 /usr/lib/gcc/arm-none-eabi/15/thumb/v7-m/nofp/crtbegin.o
 .text          0x08000194       0x10 /usr/lib/gcc/arm-none-eabi/15/../../../../arm-none-eabi/lib/thumb/v7-m/nofp/libg_nano.a(libc_a-strlen.o)
                0x08000194                strlen
 *(.text*)
 .text.memset   0x080001a4       0x10 /usr/lib/gcc/arm-none-eabi/15/../../../../arm-none-eabi/lib/thumb/v7-m/nofp/libc_nano.a(libc_a-memset.o)
                0x080001a4                memset
 .text.__libc_init_array
                0x080001b4       0x48 /usr/lib/gcc/arm-none-eabi/15/../../../../arm-none-eabi/lib/thumb/v7-m/nofp/libc_nano.a(libc_a-init.o)
                0x080001b4                __libc_init_array
 .text._free_r  0x080001fc       0x94 /usr/lib/gcc/arm-none-eabi/15/../../../../arm-none-eabi/lib/thumb/v7-m/nofp/libc_nano.a(libc_a-freer.o)
                0x080001fc                _free_r
 .text.sbrk_aligned
                0x08000290       0x44 /usr/lib/gcc/arm-none-eabi/15/../../../../arm-none-eabi/lib/thumb/v7-m/nofp/libc_nano.a(libc_a-mallocr.o)
 .text._malloc_r
                0x080002d4       0xf8 /usr/lib/gcc/arm-none-eabi/15/../../../../arm-none-eabi/lib/thumb/v7-m/nofp/libc_nano.a(libc_a-mallocr.o)
                0x080002d4                _malloc_r
 .text.__malloc_lock
                0x080003cc        0x2 /usr/lib/gcc/arm-none-eabi/15/../../../../arm-none-eabi/lib/thumb/v7-m/nofp/libc_nano.a(libc_a-mlock.o)
                0x080003cc                __malloc_lock
 .text.__malloc_unlock
                0x080003ce        0x2 /usr/lib/gcc/arm-none-eabi/15/../../../../arm-none-eabi/lib/thumb/v7-m/nofp/libc_nano.a(libc_a-mlock.o)
                0x080003ce                __malloc_unlock
 .text._sbrk_r  0x080003d0       0x20 /usr/lib/gcc/arm-none-eabi/15/../../../../arm-none-eabi/lib/thumb/v7-m/nofp/libc_nano.a(libc_a-sbrkr.o)
                0x080003d0                _sbrk_r
 .text.SystemInit
                0x080003f0        0xc cmake/stm32cubemx/CMakeFiles/STM32_Drivers.dir/__/__/Core/Src/system_stm32f1xx.c.obj
                0x080003f0                SystemInit
 .text.HAL_Init
                0x080003fc       0x2c cmake/stm32cubemx/CMakeFiles/STM32_Drivers.dir/__/__/Drivers/STM32F1xx_HAL_Driver/Src/stm32f1xx_hal.c.obj
                0x080003fc                HAL_Init
 .text.HAL_InitTick
                0x08000428       0x60 cmake/stm32cubemx/CMakeFiles/STM32_Drivers.dir/__/__/Drivers/STM32F1xx_HAL_Driver/Src/stm32f1xx_hal.c.obj
                0x08000428                HAL_InitTick
 .text.HAL_IncTick
                0x08000488       0x24 cmake/stm32cubemx/CMakeFiles/STM32_Drivers.dir/__/__/Drivers/STM32F1xx_HAL_Driver/Src/stm32f1xx_hal.c.obj
                0x08000488                HAL_IncTick
 .text.HAL_GetTick
                0x080004ac       0x14 cmake/stm32cubemx/CMakeFiles/STM32_Drivers.dir/__/__/Drivers/STM32F1xx_HAL_Driver/Src/stm32f1xx_hal.c.obj
                0x080004ac                HAL_GetTick
 .text.HAL_RCC_OscConfig
                0x080004c0      0x504 cmake/stm32cubemx/CMakeFiles/STM32_Drivers.dir/__/__/Drivers/STM32F1xx_HAL_Driver/Src/stm32f1xx_hal_rcc.c.obj
                0x080004c0                HAL_RCC_OscConfig
 .text.HAL_RCC_ClockConfig
                0x080009c4      0x1d4 cmake/stm32cubemx/CMakeFiles/STM32_Drivers.dir/__/__/Drivers/STM32F1xx_HAL_Driver/Src/stm32f1xx_hal_rcc.c.obj
                0x080009c4                HAL_RCC_ClockConfig
 .text.HAL_RCC_GetSysClockFreq
                0x08000b98       0xa8 cmake/stm32cubemx/CMakeFiles/STM32_Drivers.dir/__/__/Drivers/STM32F1xx_HAL_Driver/Src/stm32f1xx_hal_rcc.c.obj
                0x08000b98                HAL_RCC_GetSysClockFreq
 .text.HAL_RCC_GetHCLKFreq
                0x08000c40       0x14 cmake/stm32cubemx/CMakeFiles/STM32_Drivers.dir/__/__/Drivers/STM32F1xx_HAL_Driver/Src/stm32f1xx_hal_rcc.c.obj
                0x08000c40                HAL_RCC_GetHCLKFreq
 .text.HAL_RCC_GetPCLK1Freq
                0x08000c54       0x28 cmake/stm32cubemx/CMakeFiles/STM32_Drivers.dir/__/__/Drivers/STM32F1xx_HAL_Driver/Src/stm32f1xx_hal_rcc.c.obj
                0x08000c54                HAL_RCC_GetPCLK1Freq
 .text.HAL_RCC_GetPCLK2Freq
                0x08000c7c       0x28 cmake/stm32cubemx/CMakeFiles/STM32_Drivers.dir/__/__/Drivers/STM32F1xx_HAL_Driver/Src/stm32f1xx_hal_rcc.c.obj
                0x08000c7c                HAL_RCC_GetPCLK2Freq
 .text.RCC_Delay
                0x08000ca4       0x3c cmake/stm32cubemx/CMakeFiles/STM32_Drivers.dir/__/__/Drivers/STM32F1xx_HAL_Driver/Src/stm32f1xx_hal_rcc.c.obj
 .text.HAL_RCCEx_PeriphCLKConfig
                0x08000ce0      0x16c cmake/stm32cubemx/CMakeFiles/STM32_Drivers.dir/__/__/Drivers/STM32F1xx_HAL_Driver/Src/stm32f1xx_hal_rcc_ex.c.obj
                0x08000ce0                HAL_RCCEx_PeriphCLKConfig
 .text.HAL_RCCEx_GetPeriphCLKFreq
                0x08000e4c      0x16c cmake/stm32cubemx/CMakeFiles/STM32_Drivers.dir/__/__/Drivers/STM32F1xx_HAL_Driver/Src/stm32f1xx_hal_rcc_ex.c.obj
                0x08000e4c                HAL_RCCEx_GetPeriphCLKFreq
 .text.HAL_GPIO_Init
                0x08000fb8      0x2cc cmake/stm32cubemx/CMakeFiles/STM32_Drivers.dir/__/__/Drivers/STM32F1xx_HAL_Driver/Src/stm32f1xx_hal_gpio.c.obj
                0x08000fb8                HAL_GPIO_Init
 .text.HAL_GPIO_WritePin
                0x08001284       0x30 cmake/stm32cubemx/CMakeFiles/STM32_Drivers.dir/__/__/Drivers/STM32F1xx_HAL_Driver/Src/stm32f1xx_hal_gpio.c.obj
                0x08001284                HAL_GPIO_WritePin
 .text.HAL_GPIO_TogglePin
                0x080012b4       0x32 cmake/stm32cubemx/CMakeFiles/STM32_Drivers.dir/__/__/Drivers/STM32F1xx_HAL_Driver/Src/stm32f1xx_hal_gpio.c.obj
                0x080012b4                HAL_GPIO_TogglePin
 .text.HAL_DMA_Abort
                0x080012e6       0x76 cmake/stm32cubemx/CMakeFiles/STM32_Drivers.dir/__/__/Drivers/STM32F1xx_HAL_Driver/Src/stm32f1xx_hal_dma.c.obj
                0x080012e6                HAL_DMA_Abort
 .text.HAL_DMA_Abort_IT
                0x0800135c       0xf0 cmake/stm32cubemx/CMakeFiles/STM32_Drivers.dir/__/__/Drivers/STM32F1xx_HAL_Driver/Src/stm32f1xx_hal_dma.c.obj
                0x0800135c                HAL_DMA_Abort_IT
 .text.__NVIC_SetPriorityGrouping
                0x0800144c       0x48 cmake/stm32cubemx/CMakeFiles/STM32_Drivers.dir/__/__/Drivers/STM32F1xx_HAL_Driver/Src/stm32f1xx_hal_cortex.c.obj
 .text.__NVIC_GetPriorityGrouping
                0x08001494       0x1c cmake/stm32cubemx/CMakeFiles/STM32_Drivers.dir/__/__/Drivers/STM32F1xx_HAL_Driver/Src/stm32f1xx_hal_cortex.c.obj
 .text.__NVIC_EnableIRQ
                0x080014b0       0x38 cmake/stm32cubemx/CMakeFiles/STM32_Drivers.dir/__/__/Drivers/STM32F1xx_HAL_Driver/Src/stm32f1xx_hal_cortex.c.obj
 .text.__NVIC_SetPriority
                0x080014e8       0x54 cmake/stm32cubemx/CMakeFiles/STM32_Drivers.dir/__/__/Drivers/STM32F1xx_HAL_Driver/Src/stm32f1xx_hal_cortex.c.obj
 .text.NVIC_EncodePriority
                0x0800153c       0x6e cmake/stm32cubemx/CMakeFiles/STM32_Drivers.dir/__/__/Drivers/STM32F1xx_HAL_Driver/Src/stm32f1xx_hal_cortex.c.obj
 *fill*         0x080015aa        0x2 
 .text.SysTick_Config
                0x080015ac       0x44 cmake/stm32cubemx/CMakeFiles/STM32_Drivers.dir/__/__/Drivers/STM32F1xx_HAL_Driver/Src/stm32f1xx_hal_cortex.c.obj
 .text.HAL_NVIC_SetPriorityGrouping
                0x080015f0       0x16 cmake/stm32cubemx/CMakeFiles/STM32_Drivers.dir/__/__/Drivers/STM32F1xx_HAL_Driver/Src/stm32f1xx_hal_cortex.c.obj
                0x080015f0                HAL_NVIC_SetPriorityGrouping
 .text.HAL_NVIC_SetPriority
                0x08001606       0x38 cmake/stm32cubemx/CMakeFiles/STM32_Drivers.dir/__/__/Drivers/STM32F1xx_HAL_Driver/Src/stm32f1xx_hal_cortex.c.obj
                0x08001606                HAL_NVIC_SetPriority
 .text.HAL_NVIC_EnableIRQ
                0x0800163e       0x1c cmake/stm32cubemx/CMakeFiles/STM32_Drivers.dir/__/__/Drivers/STM32F1xx_HAL_Driver/Src/stm32f1xx_hal_cortex.c.obj
                0x0800163e                HAL_NVIC_EnableIRQ
 .text.HAL_SYSTICK_Config
                0x0800165a       0x18 cmake/stm32cubemx/CMakeFiles/STM32_Drivers.dir/__/__/Drivers/STM32F1xx_HAL_Driver/Src/stm32f1xx_hal_cortex.c.obj
                0x0800165a                HAL_SYSTICK_Config
 *fill*         0x08001672        0x2 
 .text.HAL_PWR_EnableBkUpAccess
                0x08001674       0x18 cmake/stm32cubemx/CMakeFiles/STM32_Drivers.dir/__/__/Drivers/STM32F1xx_HAL_Driver/Src/stm32f1xx_hal_pwr.c.obj
                0x08001674                HAL_PWR_EnableBkUpAccess
 .text.HAL_RTC_Init
                0x0800168c      0x118 cmake/stm32cubemx/CMakeFiles/STM32_Drivers.dir/__/__/Drivers/STM32F1xx_HAL_Driver/Src/stm32f1xx_hal_rtc.c.obj
                0x0800168c                HAL_RTC_Init
 .text.HAL_RTC_SetTime
                0x080017a4      0x12e cmake/stm32cubemx/CMakeFiles/STM32_Drivers.dir/__/__/Drivers/STM32F1xx_HAL_Driver/Src/stm32f1xx_hal_rtc.c.obj
                0x080017a4                HAL_RTC_SetTime
 *fill*         0x080018d2        0x2 
 .text.HAL_RTC_SetDate
                0x080018d4      0x16c cmake/stm32cubemx/CMakeFiles/STM32_Drivers.dir/__/__/Drivers/STM32F1xx_HAL_Driver/Src/stm32f1xx_hal_rtc.c.obj
                0x080018d4                HAL_RTC_SetDate
 .text.HAL_RTC_WaitForSynchro
                0x08001a40       0x5a cmake/stm32cubemx/CMakeFiles/STM32_Drivers.dir/__/__/Drivers/STM32F1xx_HAL_Driver/Src/stm32f1xx_hal_rtc.c.obj
                0x08001a40                HAL_RTC_WaitForSynchro
 .text.RTC_ReadTimeCounter
                0x08001a9a       0x60 cmake/stm32cubemx/CMakeFiles/STM32_Drivers.dir/__/__/Drivers/STM32F1xx_HAL_Driver/Src/stm32f1xx_hal_rtc.c.obj
 .text.RTC_WriteTimeCounter
                0x08001afa       0x4e cmake/stm32cubemx/CMakeFiles/STM32_Drivers.dir/__/__/Drivers/STM32F1xx_HAL_Driver/Src/stm32f1xx_hal_rtc.c.obj
 .text.RTC_ReadAlarmCounter
                0x08001b48       0x32 cmake/stm32cubemx/CMakeFiles/STM32_Drivers.dir/__/__/Drivers/STM32F1xx_HAL_Driver/Src/stm32f1xx_hal_rtc.c.obj
 .text.RTC_WriteAlarmCounter
                0x08001b7a       0x4e cmake/stm32cubemx/CMakeFiles/STM32_Drivers.dir/__/__/Drivers/STM32F1xx_HAL_Driver/Src/stm32f1xx_hal_rtc.c.obj
 .text.RTC_EnterInitMode
                0x08001bc8       0x50 cmake/stm32cubemx/CMakeFiles/STM32_Drivers.dir/__/__/Drivers/STM32F1xx_HAL_Driver/Src/stm32f1xx_hal_rtc.c.obj
 .text.RTC_ExitInitMode
                0x08001c18       0x50 cmake/stm32cubemx/CMakeFiles/STM32_Drivers.dir/__/__/Drivers/STM32F1xx_HAL_Driver/Src/stm32f1xx_hal_rtc.c.obj
 .text.RTC_Bcd2ToByte
                0x08001c68       0x3a cmake/stm32cubemx/CMakeFiles/STM32_Drivers.dir/__/__/Drivers/STM32F1xx_HAL_Driver/Src/stm32f1xx_hal_rtc.c.obj
 *fill*         0x08001ca2        0x2 
 .text.RTC_WeekDayNum
                0x08001ca4       0xf0 cmake/stm32cubemx/CMakeFiles/STM32_Drivers.dir/__/__/Drivers/STM32F1xx_HAL_Driver/Src/stm32f1xx_hal_rtc.c.obj
 .text.HAL_RTCEx_SetSecond_IT
                0x08001d94       0x52 cmake/stm32cubemx/CMakeFiles/STM32_Drivers.dir/__/__/Drivers/STM32F1xx_HAL_Driver/Src/stm32f1xx_hal_rtc_ex.c.obj
                0x08001d94                HAL_RTCEx_SetSecond_IT
 .text.HAL_RTCEx_RTCIRQHandler
                0x08001de6       0x6e cmake/stm32cubemx/CMakeFiles/STM32_Drivers.dir/__/__/Drivers/STM32F1xx_HAL_Driver/Src/stm32f1xx_hal_rtc_ex.c.obj
                0x08001de6                HAL_RTCEx_RTCIRQHandler
 .text.HAL_RTCEx_RTCEventCallback
                0x08001e54       0x12 cmake/stm32cubemx/CMakeFiles/STM32_Drivers.dir/__/__/Drivers/STM32F1xx_HAL_Driver/Src/stm32f1xx_hal_rtc_ex.c.obj
                0x08001e54                HAL_RTCEx_RTCEventCallback
 .text.HAL_RTCEx_RTCEventErrorCallback
                0x08001e66       0x12 cmake/stm32cubemx/CMakeFiles/STM32_Drivers.dir/__/__/Drivers/STM32F1xx_HAL_Driver/Src/stm32f1xx_hal_rtc_ex.c.obj
                0x08001e66                HAL_RTCEx_RTCEventErrorCallback
 .text.HAL_TIM_Base_Init
                0x08001e78       0x9e cmake/stm32cubemx/CMakeFiles/STM32_Drivers.dir/__/__/Drivers/STM32F1xx_HAL_Driver/Src/stm32f1xx_hal_tim.c.obj
                0x08001e78                HAL_TIM_Base_Init
 *fill*         0x08001f16        0x2 
 .text.HAL_TIM_Base_Start_IT
                0x08001f18       0x98 cmake/stm32cubemx/CMakeFiles/STM32_Drivers.dir/__/__/Drivers/STM32F1xx_HAL_Driver/Src/stm32f1xx_hal_tim.c.obj
                0x08001f18                HAL_TIM_Base_Start_IT
 .text.HAL_TIM_IRQHandler
                0x08001fb0      0x1e0 cmake/stm32cubemx/CMakeFiles/STM32_Drivers.dir/__/__/Drivers/STM32F1xx_HAL_Driver/Src/stm32f1xx_hal_tim.c.obj
                0x08001fb0                HAL_TIM_IRQHandler
 .text.HAL_TIM_ConfigClockSource
                0x08002190      0x18e cmake/stm32cubemx/CMakeFiles/STM32_Drivers.dir/__/__/Drivers/STM32F1xx_HAL_Driver/Src/stm32f1xx_hal_tim.c.obj
                0x08002190                HAL_TIM_ConfigClockSource
 .text.HAL_TIM_PeriodElapsedCallback
                0x0800231e       0x12 cmake/stm32cubemx/CMakeFiles/STM32_Drivers.dir/__/__/Drivers/STM32F1xx_HAL_Driver/Src/stm32f1xx_hal_tim.c.obj
                0x0800231e                HAL_TIM_PeriodElapsedCallback
 .text.HAL_TIM_OC_DelayElapsedCallback
                0x08002330       0x12 cmake/stm32cubemx/CMakeFiles/STM32_Drivers.dir/__/__/Drivers/STM32F1xx_HAL_Driver/Src/stm32f1xx_hal_tim.c.obj
                0x08002330                HAL_TIM_OC_DelayElapsedCallback
 .text.HAL_TIM_IC_CaptureCallback
                0x08002342       0x12 cmake/stm32cubemx/CMakeFiles/STM32_Drivers.dir/__/__/Drivers/STM32F1xx_HAL_Driver/Src/stm32f1xx_hal_tim.c.obj
                0x08002342                HAL_TIM_IC_CaptureCallback
 .text.HAL_TIM_PWM_PulseFinishedCallback
                0x08002354       0x12 cmake/stm32cubemx/CMakeFiles/STM32_Drivers.dir/__/__/Drivers/STM32F1xx_HAL_Driver/Src/stm32f1xx_hal_tim.c.obj
                0x08002354                HAL_TIM_PWM_PulseFinishedCallback
 .text.HAL_TIM_TriggerCallback
                0x08002366       0x12 cmake/stm32cubemx/CMakeFiles/STM32_Drivers.dir/__/__/Drivers/STM32F1xx_HAL_Driver/Src/stm32f1xx_hal_tim.c.obj
                0x08002366                HAL_TIM_TriggerCallback
 .text.TIM_Base_SetConfig
                0x08002378       0xc8 cmake/stm32cubemx/CMakeFiles/STM32_Drivers.dir/__/__/Drivers/STM32F1xx_HAL_Driver/Src/stm32f1xx_hal_tim.c.obj
                0x08002378                TIM_Base_SetConfig
 .text.TIM_TI1_ConfigInputStage
                0x08002440       0x5c cmake/stm32cubemx/CMakeFiles/STM32_Drivers.dir/__/__/Drivers/STM32F1xx_HAL_Driver/Src/stm32f1xx_hal_tim.c.obj
 .text.TIM_TI2_ConfigInputStage
                0x0800249c       0x5e cmake/stm32cubemx/CMakeFiles/STM32_Drivers.dir/__/__/Drivers/STM32F1xx_HAL_Driver/Src/stm32f1xx_hal_tim.c.obj
 .text.TIM_ITRx_SetConfig
                0x080024fa       0x34 cmake/stm32cubemx/CMakeFiles/STM32_Drivers.dir/__/__/Drivers/STM32F1xx_HAL_Driver/Src/stm32f1xx_hal_tim.c.obj
 .text.TIM_ETR_SetConfig
                0x0800252e       0x3e cmake/stm32cubemx/CMakeFiles/STM32_Drivers.dir/__/__/Drivers/STM32F1xx_HAL_Driver/Src/stm32f1xx_hal_tim.c.obj
                0x0800252e                TIM_ETR_SetConfig
 .text.HAL_TIMEx_MasterConfigSynchronization
                0x0800256c       0xb0 cmake/stm32cubemx/CMakeFiles/STM32_Drivers.dir/__/__/Drivers/STM32F1xx_HAL_Driver/Src/stm32f1xx_hal_tim_ex.c.obj
                0x0800256c                HAL_TIMEx_MasterConfigSynchronization
 .text.HAL_TIMEx_CommutCallback
                0x0800261c       0x12 cmake/stm32cubemx/CMakeFiles/STM32_Drivers.dir/__/__/Drivers/STM32F1xx_HAL_Driver/Src/stm32f1xx_hal_tim_ex.c.obj
                0x0800261c                HAL_TIMEx_CommutCallback
 .text.HAL_TIMEx_BreakCallback
                0x0800262e       0x12 cmake/stm32cubemx/CMakeFiles/STM32_Drivers.dir/__/__/Drivers/STM32F1xx_HAL_Driver/Src/stm32f1xx_hal_tim_ex.c.obj
                0x0800262e                HAL_TIMEx_BreakCallback
 .text.HAL_UART_Init
                0x08002640       0xa0 cmake/stm32cubemx/CMakeFiles/STM32_Drivers.dir/__/__/Drivers/STM32F1xx_HAL_Driver/Src/stm32f1xx_hal_uart.c.obj
                0x08002640                HAL_UART_Init
 .text.HAL_UART_Transmit
                0x080026e0      0x116 cmake/stm32cubemx/CMakeFiles/STM32_Drivers.dir/__/__/Drivers/STM32F1xx_HAL_Driver/Src/stm32f1xx_hal_uart.c.obj
                0x080026e0                HAL_UART_Transmit
 *fill*         0x080027f6        0x2 
 .text.HAL_UART_IRQHandler
                0x080027f8      0x520 cmake/stm32cubemx/CMakeFiles/STM32_Drivers.dir/__/__/Drivers/STM32F1xx_HAL_Driver/Src/stm32f1xx_hal_uart.c.obj
                0x080027f8                HAL_UART_IRQHandler
 .text.HAL_UART_TxCpltCallback
                0x08002d18       0x12 cmake/stm32cubemx/CMakeFiles/STM32_Drivers.dir/__/__/Drivers/STM32F1xx_HAL_Driver/Src/stm32f1xx_hal_uart.c.obj
                0x08002d18                HAL_UART_TxCpltCallback
 .text.HAL_UART_RxCpltCallback
                0x08002d2a       0x12 cmake/stm32cubemx/CMakeFiles/STM32_Drivers.dir/__/__/Drivers/STM32F1xx_HAL_Driver/Src/stm32f1xx_hal_uart.c.obj
                0x08002d2a                HAL_UART_RxCpltCallback
 .text.HAL_UART_ErrorCallback
                0x08002d3c       0x12 cmake/stm32cubemx/CMakeFiles/STM32_Drivers.dir/__/__/Drivers/STM32F1xx_HAL_Driver/Src/stm32f1xx_hal_uart.c.obj
                0x08002d3c                HAL_UART_ErrorCallback
 .text.HAL_UARTEx_RxEventCallback
                0x08002d4e       0x16 cmake/stm32cubemx/CMakeFiles/STM32_Drivers.dir/__/__/Drivers/STM32F1xx_HAL_Driver/Src/stm32f1xx_hal_uart.c.obj
                0x08002d4e                HAL_UARTEx_RxEventCallback
 .text.UART_WaitOnFlagUntilTimeout
                0x08002d64       0xb2 cmake/stm32cubemx/CMakeFiles/STM32_Drivers.dir/__/__/Drivers/STM32F1xx_HAL_Driver/Src/stm32f1xx_hal_uart.c.obj
 .text.UART_EndRxTransfer
                0x08002e16       0xc4 cmake/stm32cubemx/CMakeFiles/STM32_Drivers.dir/__/__/Drivers/STM32F1xx_HAL_Driver/Src/stm32f1xx_hal_uart.c.obj
 .text.UART_DMAAbortOnError
                0x08002eda       0x28 cmake/stm32cubemx/CMakeFiles/STM32_Drivers.dir/__/__/Drivers/STM32F1xx_HAL_Driver/Src/stm32f1xx_hal_uart.c.obj
 .text.UART_Transmit_IT
                0x08002f02       0x9e cmake/stm32cubemx/CMakeFiles/STM32_Drivers.dir/__/__/Drivers/STM32F1xx_HAL_Driver/Src/stm32f1xx_hal_uart.c.obj
 .text.UART_EndTransmit_IT
                0x08002fa0       0x30 cmake/stm32cubemx/CMakeFiles/STM32_Drivers.dir/__/__/Drivers/STM32F1xx_HAL_Driver/Src/stm32f1xx_hal_uart.c.obj
 .text.UART_Receive_IT
                0x08002fd0      0x17c cmake/stm32cubemx/CMakeFiles/STM32_Drivers.dir/__/__/Drivers/STM32F1xx_HAL_Driver/Src/stm32f1xx_hal_uart.c.obj
 .text.UART_SetConfig
                0x0800314c      0x11c cmake/stm32cubemx/CMakeFiles/STM32_Drivers.dir/__/__/Drivers/STM32F1xx_HAL_Driver/Src/stm32f1xx_hal_uart.c.obj
 .text.main     0x08003268       0xbc CMakeFiles/proj007stm32c6t6CMAKE.dir/Core/Src/main.c.obj
                0x08003268                main
 .text.SystemClock_Config
                0x08003324       0xbe CMakeFiles/proj007stm32c6t6CMAKE.dir/Core/Src/main.c.obj
                0x08003324                SystemClock_Config
 *fill*         0x080033e2        0x2 
 .text.MX_RTC_Init
                0x080033e4       0xa8 CMakeFiles/proj007stm32c6t6CMAKE.dir/Core/Src/main.c.obj
 .text.MX_TIM1_Init
                0x0800348c       0xb8 CMakeFiles/proj007stm32c6t6CMAKE.dir/Core/Src/main.c.obj
 .text.MX_TIM2_Init
                0x08003544       0xa0 CMakeFiles/proj007stm32c6t6CMAKE.dir/Core/Src/main.c.obj
 .text.MX_TIM3_Init
                0x080035e4       0xa0 CMakeFiles/proj007stm32c6t6CMAKE.dir/Core/Src/main.c.obj
 .text.MX_USART1_UART_Init
                0x08003684       0x54 CMakeFiles/proj007stm32c6t6CMAKE.dir/Core/Src/main.c.obj
 .text.MX_GPIO_Init
                0x080036d8      0x124 CMakeFiles/proj007stm32c6t6CMAKE.dir/Core/Src/main.c.obj
 .text.Error_Handler
                0x080037fc        0xc CMakeFiles/proj007stm32c6t6CMAKE.dir/Core/Src/main.c.obj
                0x080037fc                Error_Handler
 .text.NMI_Handler
                0x08003808        0x8 CMakeFiles/proj007stm32c6t6CMAKE.dir/Core/Src/stm32f1xx_it.c.obj
                0x08003808                NMI_Handler
 .text.HardFault_Handler
                0x08003810        0x8 CMakeFiles/proj007stm32c6t6CMAKE.dir/Core/Src/stm32f1xx_it.c.obj
                0x08003810                HardFault_Handler
 .text.MemManage_Handler
                0x08003818        0x8 CMakeFiles/proj007stm32c6t6CMAKE.dir/Core/Src/stm32f1xx_it.c.obj
                0x08003818                MemManage_Handler
 .text.BusFault_Handler
                0x08003820        0x8 CMakeFiles/proj007stm32c6t6CMAKE.dir/Core/Src/stm32f1xx_it.c.obj
                0x08003820                BusFault_Handler
 .text.UsageFault_Handler
                0x08003828        0x8 CMakeFiles/proj007stm32c6t6CMAKE.dir/Core/Src/stm32f1xx_it.c.obj
                0x08003828                UsageFault_Handler
 .text.SVC_Handler
                0x08003830        0xc CMakeFiles/proj007stm32c6t6CMAKE.dir/Core/Src/stm32f1xx_it.c.obj
                0x08003830                SVC_Handler
 .text.DebugMon_Handler
                0x0800383c        0xc CMakeFiles/proj007stm32c6t6CMAKE.dir/Core/Src/stm32f1xx_it.c.obj
                0x0800383c                DebugMon_Handler
 .text.PendSV_Handler
                0x08003848        0xc CMakeFiles/proj007stm32c6t6CMAKE.dir/Core/Src/stm32f1xx_it.c.obj
                0x08003848                PendSV_Handler
 .text.SysTick_Handler
                0x08003854        0xc CMakeFiles/proj007stm32c6t6CMAKE.dir/Core/Src/stm32f1xx_it.c.obj
                0x08003854                SysTick_Handler
 .text.RTC_IRQHandler
                0x08003860       0x2c CMakeFiles/proj007stm32c6t6CMAKE.dir/Core/Src/stm32f1xx_it.c.obj
                0x08003860                RTC_IRQHandler
 .text.TIM1_UP_IRQHandler
                0x0800388c       0x3c CMakeFiles/proj007stm32c6t6CMAKE.dir/Core/Src/stm32f1xx_it.c.obj
                0x0800388c                TIM1_UP_IRQHandler
 .text.TIM2_IRQHandler
                0x080038c8       0x3c CMakeFiles/proj007stm32c6t6CMAKE.dir/Core/Src/stm32f1xx_it.c.obj
                0x080038c8                TIM2_IRQHandler
 .text.TIM3_IRQHandler
                0x08003904       0x40 CMakeFiles/proj007stm32c6t6CMAKE.dir/Core/Src/stm32f1xx_it.c.obj
                0x08003904                TIM3_IRQHandler
 .text.USART1_IRQHandler
                0x08003944       0x14 CMakeFiles/proj007stm32c6t6CMAKE.dir/Core/Src/stm32f1xx_it.c.obj
                0x08003944                USART1_IRQHandler
 .text.HAL_MspInit
                0x08003958       0x64 CMakeFiles/proj007stm32c6t6CMAKE.dir/Core/Src/stm32f1xx_hal_msp.c.obj
                0x08003958                HAL_MspInit
 .text.HAL_RTC_MspInit
                0x080039bc       0x58 CMakeFiles/proj007stm32c6t6CMAKE.dir/Core/Src/stm32f1xx_hal_msp.c.obj
                0x080039bc                HAL_RTC_MspInit
 .text.HAL_TIM_Base_MspInit
                0x08003a14       0xb8 CMakeFiles/proj007stm32c6t6CMAKE.dir/Core/Src/stm32f1xx_hal_msp.c.obj
                0x08003a14                HAL_TIM_Base_MspInit
 .text.HAL_UART_MspInit
                0x08003acc       0xa8 CMakeFiles/proj007stm32c6t6CMAKE.dir/Core/Src/stm32f1xx_hal_msp.c.obj
                0x08003acc                HAL_UART_MspInit
 .text._sbrk    0x08003b74       0x6c CMakeFiles/proj007stm32c6t6CMAKE.dir/Core/Src/sysmem.c.obj
                0x08003b74                _sbrk
 .text.Reset_Handler
                0x08003be0       0x48 CMakeFiles/proj007stm32c6t6CMAKE.dir/startup_stm32f103x6.s.obj
                0x08003be0                Reset_Handler
 .text.Default_Handler
                0x08003c28        0x2 CMakeFiles/proj007stm32c6t6CMAKE.dir/startup_stm32f103x6.s.obj
                0x08003c28                RTC_Alarm_IRQHandler
                0x08003c28                EXTI2_IRQHandler
                0x08003c28                TIM1_CC_IRQHandler
                0x08003c28                PVD_IRQHandler
                0x08003c28                EXTI3_IRQHandler
                0x08003c28                EXTI0_IRQHandler
                0x08003c28                ADC1_2_IRQHandler
                0x08003c28                SPI1_IRQHandler
                0x08003c28                TAMPER_IRQHandler
                0x08003c28                DMA1_Channel4_IRQHandler
                0x08003c28                DMA1_Channel7_IRQHandler
                0x08003c28                CAN1_RX1_IRQHandler
                0x08003c28                I2C1_EV_IRQHandler
                0x08003c28                DMA1_Channel6_IRQHandler
                0x08003c28                RCC_IRQHandler
                0x08003c28                TIM1_TRG_COM_IRQHandler
                0x08003c28                DMA1_Channel1_IRQHandler
                0x08003c28                Default_Handler
                0x08003c28                EXTI15_10_IRQHandler
                0x08003c28                EXTI9_5_IRQHandler
                0x08003c28                DMA1_Channel5_IRQHandler
                0x08003c28                EXTI4_IRQHandler
                0x08003c28                USB_LP_CAN1_RX0_IRQHandler
                0x08003c28                USB_HP_CAN1_TX_IRQHandler
                0x08003c28                DMA1_Channel3_IRQHandler
                0x08003c28                WWDG_IRQHandler
                0x08003c28                TIM1_BRK_IRQHandler
                0x08003c28                EXTI1_IRQHandler
                0x08003c28                USART2_IRQHandler
                0x08003c28                DMA1_Channel2_IRQHandler
                0x08003c28                CAN1_SCE_IRQHandler
                0x08003c28                FLASH_IRQHandler
                0x08003c28                I2C1_ER_IRQHandler
                0x08003c28                USBWakeUp_IRQHandler
 *fill*         0x08003c2a        0x2 
 .text.sprintf  0x08003c2c       0x44 /usr/lib/gcc/arm-none-eabi/15/../../../../arm-none-eabi/lib/thumb/v7-m/nofp/libg_nano.a(libc_a-sprintf.o)
                0x08003c2c                sprintf
                0x08003c2c                siprintf
 .text.__errno  0x08003c70        0xc /usr/lib/gcc/arm-none-eabi/15/../../../../arm-none-eabi/lib/thumb/v7-m/nofp/libg_nano.a(libc_a-errno.o)
                0x08003c70                __errno
 .text.__ssputs_r
                0x08003c7c       0xc0 /usr/lib/gcc/arm-none-eabi/15/../../../../arm-none-eabi/lib/thumb/v7-m/nofp/libg_nano.a(libc_a-nano-svfprintf.o)
                0x08003c7c                __ssputs_r
 .text._svfprintf_r
                0x08003d3c      0x1e4 /usr/lib/gcc/arm-none-eabi/15/../../../../arm-none-eabi/lib/thumb/v7-m/nofp/libg_nano.a(libc_a-nano-svfprintf.o)
                0x08003d3c                _svfprintf_r
                0x08003d3c                _svfiprintf_r
 .text._printf_common
                0x08003f20       0xea /usr/lib/gcc/arm-none-eabi/15/../../../../arm-none-eabi/lib/thumb/v7-m/nofp/libg_nano.a(libc_a-nano-vfprintf_i.o)
                0x08003f20                _printf_common
 *fill*         0x0800400a        0x2 
 .text._printf_i
                0x0800400c      0x254 /usr/lib/gcc/arm-none-eabi/15/../../../../arm-none-eabi/lib/thumb/v7-m/nofp/libg_nano.a(libc_a-nano-vfprintf_i.o)
                0x0800400c                _printf_i
 .text.memmove  0x08004260       0x32 /usr/lib/gcc/arm-none-eabi/15/../../../../arm-none-eabi/lib/thumb/v7-m/nofp/libg_nano.a(libc_a-memmove.o)
                0x08004260                memmove
 .text.memchr   0x08004292       0x1c /usr/lib/gcc/arm-none-eabi/15/../../../../arm-none-eabi/lib/thumb/v7-m/nofp/libg_nano.a(libc_a-memchr-stub.o)
                0x08004292                memchr
 .text.memcpy   0x080042ae       0x1c /usr/lib/gcc/arm-none-eabi/15/../../../../arm-none-eabi/lib/thumb/v7-m/nofp/libg_nano.a(libc_a-memcpy-stub.o)
                0x080042ae                memcpy
 .text._realloc_r
                0x080042ca       0x5c /usr/lib/gcc/arm-none-eabi/15/../../../../arm-none-eabi/lib/thumb/v7-m/nofp/libg_nano.a(libc_a-reallocr.o)
                0x080042ca                _realloc_r
 .text._malloc_usable_size_r
                0x08004326       0x10 /usr/lib/gcc/arm-none-eabi/15/../../../../arm-none-eabi/lib/thumb/v7-m/nofp/libg_nano.a(libc_a-msizer.o)
                0x08004326                _malloc_usable_size_r
 *(.glue_7)
 .glue_7        0x08004336        0x0 linker stubs
 *(.glue_7t)
 .glue_7t       0x08004336        0x0 linker stubs
 *(.eh_frame)
 *fill*         0x08004336        0x2 
 .eh_frame      0x08004338        0x0 /usr/lib/gcc/arm-none-eabi/15/thumb/v7-m/nofp/crtbegin.o
 *(.init)
 .init          0x08004338        0x4 /usr/lib/gcc/arm-none-eabi/15/thumb/v7-m/nofp/crti.o
                0x08004338                _init
 .init          0x0800433c        0x8 /usr/lib/gcc/arm-none-eabi/15/thumb/v7-m/nofp/crtn.o
 *(.fini)
 .fini          0x08004344        0x4 /usr/lib/gcc/arm-none-eabi/15/thumb/v7-m/nofp/crti.o
                0x08004344                _fini
 .fini          0x08004348        0x8 /usr/lib/gcc/arm-none-eabi/15/thumb/v7-m/nofp/crtn.o
                0x08004350                        . = ALIGN (0x4)
                0x08004350                        _etext = .

.vfp11_veneer   0x08004350        0x0
 .vfp11_veneer  0x08004350        0x0 linker stubs

.v4_bx          0x08004350        0x0
 .v4_bx         0x08004350        0x0 linker stubs

.iplt           0x08004350        0x0
 .iplt          0x08004350        0x0 /usr/lib/gcc/arm-none-eabi/15/thumb/v7-m/nofp/crtbegin.o

.rodata         0x08004350       0x88
                0x08004350                        . = ALIGN (0x4)
 *(.rodata)
 .rodata        0x08004350       0x13 CMakeFiles/proj007stm32c6t6CMAKE.dir/Core/Src/main.c.obj
 *(.rodata*)
 *fill*         0x08004363        0x1 
 .rodata.AHBPrescTable
                0x08004364       0x10 cmake/stm32cubemx/CMakeFiles/STM32_Drivers.dir/__/__/Core/Src/system_stm32f1xx.c.obj
                0x08004364                AHBPrescTable
 .rodata.APBPrescTable
                0x08004374        0x8 cmake/stm32cubemx/CMakeFiles/STM32_Drivers.dir/__/__/Core/Src/system_stm32f1xx.c.obj
                0x08004374                APBPrescTable
 .rodata.aPLLMULFactorTable.1
                0x0800437c       0x10 cmake/stm32cubemx/CMakeFiles/STM32_Drivers.dir/__/__/Drivers/STM32F1xx_HAL_Driver/Src/stm32f1xx_hal_rcc.c.obj
 .rodata.aPredivFactorTable.0
                0x0800438c        0x2 cmake/stm32cubemx/CMakeFiles/STM32_Drivers.dir/__/__/Drivers/STM32F1xx_HAL_Driver/Src/stm32f1xx_hal_rcc.c.obj
 *fill*         0x0800438e        0x2 
 .rodata.aPLLMULFactorTable.1
                0x08004390       0x10 cmake/stm32cubemx/CMakeFiles/STM32_Drivers.dir/__/__/Drivers/STM32F1xx_HAL_Driver/Src/stm32f1xx_hal_rcc_ex.c.obj
 .rodata.aPredivFactorTable.0
                0x080043a0        0x2 cmake/stm32cubemx/CMakeFiles/STM32_Drivers.dir/__/__/Drivers/STM32F1xx_HAL_Driver/Src/stm32f1xx_hal_rcc_ex.c.obj
 .rodata._svfprintf_r.str1.1
                0x080043a2       0x33 /usr/lib/gcc/arm-none-eabi/15/../../../../arm-none-eabi/lib/thumb/v7-m/nofp/libg_nano.a(libc_a-nano-svfprintf.o)
                                 0x11 (size before relaxing)
 .rodata._printf_i.str1.1
                0x080043d5        0x0 /usr/lib/gcc/arm-none-eabi/15/../../../../arm-none-eabi/lib/thumb/v7-m/nofp/libg_nano.a(libc_a-nano-vfprintf_i.o)
                                 0x22 (size before relaxing)
                0x080043d8                        . = ALIGN (0x4)
 *fill*         0x080043d5        0x3 

.ARM.extab      0x080043d8        0x0
                0x080043d8                        . = ALIGN (0x4)
 *(.ARM.extab* .gnu.linkonce.armextab.*)
                0x080043d8                        . = ALIGN (0x4)

.ARM            0x080043d8        0x8
                0x080043d8                        . = ALIGN (0x4)
                0x080043d8                        __exidx_start = .
 *(.ARM.exidx*)
 .ARM.exidx     0x080043d8        0x8 /usr/lib/gcc/arm-none-eabi/15/../../../../arm-none-eabi/lib/thumb/v7-m/nofp/libg_nano.a(libc_a-strlen.o)
                0x080043e0                        __exidx_end = .
                0x080043e0                        . = ALIGN (0x4)

.preinit_array  0x080043e0        0x0
                0x080043e0                        . = ALIGN (0x4)
                0x080043e0                        PROVIDE (__preinit_array_start = .)
 *(.preinit_array*)
                0x080043e0                        PROVIDE (__preinit_array_end = .)
                0x080043e0                        . = ALIGN (0x4)

.init_array     0x080043e0        0x4
                0x080043e0                        . = ALIGN (0x4)
                0x080043e0                        PROVIDE (__init_array_start = .)
 *(SORT_BY_NAME(.init_array.*))
 *(.init_array*)
 .init_array    0x080043e0        0x4 /usr/lib/gcc/arm-none-eabi/15/thumb/v7-m/nofp/crtbegin.o
                0x080043e4                        PROVIDE (__init_array_end = .)
                0x080043e4                        . = ALIGN (0x4)

.fini_array     0x080043e4        0x4
                0x080043e4                        . = ALIGN (0x4)
                0x080043e4                        PROVIDE (__fini_array_start = .)
 *(SORT_BY_NAME(.fini_array.*))
 *(.fini_array*)
 .fini_array    0x080043e4        0x4 /usr/lib/gcc/arm-none-eabi/15/thumb/v7-m/nofp/crtbegin.o
                0x080043e8                        PROVIDE (__fini_array_end = .)
                0x080043e8                        . = ALIGN (0x4)
                0x080043e8                        _sidata = LOADADDR (.data)

.rel.dyn        0x080043e8        0x0
 .rel.iplt      0x080043e8        0x0 /usr/lib/gcc/arm-none-eabi/15/thumb/v7-m/nofp/crtbegin.o

.data           0x20000000       0x6c load address 0x080043e8
                0x20000000                        . = ALIGN (0x4)
                0x20000000                        _sdata = .
 *(.data)
 *(.data*)
 .data._impure_ptr
                0x20000000        0x4 /usr/lib/gcc/arm-none-eabi/15/../../../../arm-none-eabi/lib/thumb/v7-m/nofp/libc_nano.a(libc_a-impure.o)
                0x20000000                _impure_ptr
 .data._impure_data
                0x20000004       0x4c /usr/lib/gcc/arm-none-eabi/15/../../../../arm-none-eabi/lib/thumb/v7-m/nofp/libc_nano.a(libc_a-impure.o)
                0x20000004                _impure_data
 .data.SystemCoreClock
                0x20000050        0x4 cmake/stm32cubemx/CMakeFiles/STM32_Drivers.dir/__/__/Core/Src/system_stm32f1xx.c.obj
                0x20000050                SystemCoreClock
 .data.uwTickPrio
                0x20000054        0x4 cmake/stm32cubemx/CMakeFiles/STM32_Drivers.dir/__/__/Drivers/STM32F1xx_HAL_Driver/Src/stm32f1xx_hal.c.obj
                0x20000054                uwTickPrio
 .data.uwTickFreq
                0x20000058        0x1 cmake/stm32cubemx/CMakeFiles/STM32_Drivers.dir/__/__/Drivers/STM32F1xx_HAL_Driver/Src/stm32f1xx_hal.c.obj
                0x20000058                uwTickFreq
 *fill*         0x20000059        0x3 
 .data.idBase0  0x2000005c        0x4 CMakeFiles/proj007stm32c6t6CMAKE.dir/Core/Src/main.c.obj
                0x2000005c                idBase0
 .data.idBase1  0x20000060        0x4 CMakeFiles/proj007stm32c6t6CMAKE.dir/Core/Src/main.c.obj
                0x20000060                idBase1
 .data.idBase2  0x20000064        0x4 CMakeFiles/proj007stm32c6t6CMAKE.dir/Core/Src/main.c.obj
                0x20000064                idBase2
 .data.idBase3  0x20000068        0x4 CMakeFiles/proj007stm32c6t6CMAKE.dir/Core/Src/main.c.obj
                0x20000068                idBase3
 *(.RamFunc)
 *(.RamFunc*)
                0x2000006c                        . = ALIGN (0x4)
                0x2000006c                        _edata = .

.tm_clone_table
                0x2000006c        0x0 load address 0x08004454
 .tm_clone_table
                0x2000006c        0x0 /usr/lib/gcc/arm-none-eabi/15/thumb/v7-m/nofp/crtbegin.o
 .tm_clone_table
                0x2000006c        0x0 /usr/lib/gcc/arm-none-eabi/15/thumb/v7-m/nofp/crtend.o

.igot.plt       0x2000006c        0x0 load address 0x08004454
 .igot.plt      0x2000006c        0x0 /usr/lib/gcc/arm-none-eabi/15/thumb/v7-m/nofp/crtbegin.o
                0x2000006c                        . = ALIGN (0x4)

.bss            0x2000006c      0x2a0 load address 0x08004454
                0x2000006c                        _sbss = .
                0x2000006c                        __bss_start__ = _sbss
 *(.bss)
 .bss           0x2000006c       0x1c /usr/lib/gcc/arm-none-eabi/15/thumb/v7-m/nofp/crtbegin.o
 *(.bss*)
 .bss.__sf      0x20000088      0x12c /usr/lib/gcc/arm-none-eabi/15/../../../../arm-none-eabi/lib/thumb/v7-m/nofp/libc_nano.a(libc_a-findfp.o)
                0x20000088                __sf
 .bss.errno     0x200001b4        0x4 /usr/lib/gcc/arm-none-eabi/15/../../../../arm-none-eabi/lib/thumb/v7-m/nofp/libc_nano.a(libc_a-reent.o)
                0x200001b4                errno
 .bss.__malloc_sbrk_start
                0x200001b8        0x4 /usr/lib/gcc/arm-none-eabi/15/../../../../arm-none-eabi/lib/thumb/v7-m/nofp/libc_nano.a(libc_a-mallocr.o)
                0x200001b8                __malloc_sbrk_start
 .bss.__malloc_free_list
                0x200001bc        0x4 /usr/lib/gcc/arm-none-eabi/15/../../../../arm-none-eabi/lib/thumb/v7-m/nofp/libc_nano.a(libc_a-mallocr.o)
                0x200001bc                __malloc_free_list
 .bss.uwTick    0x200001c0        0x4 cmake/stm32cubemx/CMakeFiles/STM32_Drivers.dir/__/__/Drivers/STM32F1xx_HAL_Driver/Src/stm32f1xx_hal.c.obj
                0x200001c0                uwTick
 .bss.millisec01
                0x200001c4        0x4 CMakeFiles/proj007stm32c6t6CMAKE.dir/Core/Src/main.c.obj
                0x200001c4                millisec01
 .bss.millisec02
                0x200001c8        0x4 CMakeFiles/proj007stm32c6t6CMAKE.dir/Core/Src/main.c.obj
                0x200001c8                millisec02
 .bss.millisec03
                0x200001cc        0x4 CMakeFiles/proj007stm32c6t6CMAKE.dir/Core/Src/main.c.obj
                0x200001cc                millisec03
 .bss.globalsecuptime
                0x200001d0        0x4 CMakeFiles/proj007stm32c6t6CMAKE.dir/Core/Src/main.c.obj
                0x200001d0                globalsecuptime
 .bss.hrtc      0x200001d4       0x14 CMakeFiles/proj007stm32c6t6CMAKE.dir/Core/Src/main.c.obj
                0x200001d4                hrtc
 .bss.htim1     0x200001e8       0x48 CMakeFiles/proj007stm32c6t6CMAKE.dir/Core/Src/main.c.obj
                0x200001e8                htim1
 .bss.htim2     0x20000230       0x48 CMakeFiles/proj007stm32c6t6CMAKE.dir/Core/Src/main.c.obj
                0x20000230                htim2
 .bss.htim3     0x20000278       0x48 CMakeFiles/proj007stm32c6t6CMAKE.dir/Core/Src/main.c.obj
                0x20000278                htim3
 .bss.huart1    0x200002c0       0x48 CMakeFiles/proj007stm32c6t6CMAKE.dir/Core/Src/main.c.obj
                0x200002c0                huart1
 .bss.__sbrk_heap_end
                0x20000308        0x4 CMakeFiles/proj007stm32c6t6CMAKE.dir/Core/Src/sysmem.c.obj
 *(COMMON)
                0x2000030c                        . = ALIGN (0x4)
                0x2000030c                        _ebss = .
                0x2000030c                        __bss_end__ = _ebss

._user_heap_stack
                0x2000030c      0x604 load address 0x08004454
                0x20000310                        . = ALIGN (0x8)
 *fill*         0x2000030c        0x4 
                [!provide]                        PROVIDE (end = .)
                0x20000310                        PROVIDE (_end = .)
                0x20000510                        . = (. + _Min_Heap_Size)
 *fill*         0x20000310      0x200 
                0x20000910                        . = (. + _Min_Stack_Size)
 *fill*         0x20000510      0x400 
                0x20000910                        . = ALIGN (0x8)

/DISCARD/
 libc.a(*)
 libm.a(*)
 libgcc.a(*)
OUTPUT(proj007stm32c6t6CMAKE.elf elf32-littlearm)
LOAD linker stubs
LOAD /usr/lib/gcc/arm-none-eabi/15/../../../../arm-none-eabi/lib/thumb/v7-m/nofp/libc.a
LOAD /usr/lib/gcc/arm-none-eabi/15/../../../../arm-none-eabi/lib/thumb/v7-m/nofp/libm.a
LOAD /usr/lib/gcc/arm-none-eabi/15/thumb/v7-m/nofp/libgcc.a

.ARM.attributes
                0x00000000       0x29
 .ARM.attributes
                0x00000000       0x1d /usr/lib/gcc/arm-none-eabi/15/thumb/v7-m/nofp/crti.o
 .ARM.attributes
                0x0000001d       0x2d /usr/lib/gcc/arm-none-eabi/15/thumb/v7-m/nofp/crtbegin.o
 .ARM.attributes
                0x0000004a       0x2d /usr/lib/gcc/arm-none-eabi/15/../../../../arm-none-eabi/lib/thumb/v7-m/nofp/libc_nano.a(libc_a-findfp.o)
 .ARM.attributes
                0x00000077       0x2d /usr/lib/gcc/arm-none-eabi/15/../../../../arm-none-eabi/lib/thumb/v7-m/nofp/libc_nano.a(libc_a-memset.o)
 .ARM.attributes
                0x000000a4       0x2d /usr/lib/gcc/arm-none-eabi/15/../../../../arm-none-eabi/lib/thumb/v7-m/nofp/libc_nano.a(libc_a-reent.o)
 .ARM.attributes
                0x000000d1       0x2d /usr/lib/gcc/arm-none-eabi/15/../../../../arm-none-eabi/lib/thumb/v7-m/nofp/libc_nano.a(libc_a-impure.o)
 .ARM.attributes
                0x000000fe       0x2d /usr/lib/gcc/arm-none-eabi/15/../../../../arm-none-eabi/lib/thumb/v7-m/nofp/libc_nano.a(libc_a-init.o)
 .ARM.attributes
                0x0000012b       0x2d /usr/lib/gcc/arm-none-eabi/15/../../../../arm-none-eabi/lib/thumb/v7-m/nofp/libc_nano.a(libc_a-freer.o)
 .ARM.attributes
                0x00000158       0x2d /usr/lib/gcc/arm-none-eabi/15/../../../../arm-none-eabi/lib/thumb/v7-m/nofp/libc_nano.a(libc_a-mallocr.o)
 .ARM.attributes
                0x00000185       0x2d /usr/lib/gcc/arm-none-eabi/15/../../../../arm-none-eabi/lib/thumb/v7-m/nofp/libc_nano.a(libc_a-mlock.o)
 .ARM.attributes
                0x000001b2       0x2d /usr/lib/gcc/arm-none-eabi/15/../../../../arm-none-eabi/lib/thumb/v7-m/nofp/libc_nano.a(libc_a-sbrkr.o)
 .ARM.attributes
                0x000001df       0x2d cmake/stm32cubemx/CMakeFiles/STM32_Drivers.dir/__/__/Core/Src/system_stm32f1xx.c.obj
 .ARM.attributes
                0x0000020c       0x2d cmake/stm32cubemx/CMakeFiles/STM32_Drivers.dir/__/__/Drivers/STM32F1xx_HAL_Driver/Src/stm32f1xx_hal.c.obj
 .ARM.attributes
                0x00000239       0x2d cmake/stm32cubemx/CMakeFiles/STM32_Drivers.dir/__/__/Drivers/STM32F1xx_HAL_Driver/Src/stm32f1xx_hal_rcc.c.obj
 .ARM.attributes
                0x00000266       0x2d cmake/stm32cubemx/CMakeFiles/STM32_Drivers.dir/__/__/Drivers/STM32F1xx_HAL_Driver/Src/stm32f1xx_hal_rcc_ex.c.obj
 .ARM.attributes
                0x00000293       0x2d cmake/stm32cubemx/CMakeFiles/STM32_Drivers.dir/__/__/Drivers/STM32F1xx_HAL_Driver/Src/stm32f1xx_hal_gpio.c.obj
 .ARM.attributes
                0x000002c0       0x2d cmake/stm32cubemx/CMakeFiles/STM32_Drivers.dir/__/__/Drivers/STM32F1xx_HAL_Driver/Src/stm32f1xx_hal_dma.c.obj
 .ARM.attributes
                0x000002ed       0x2d cmake/stm32cubemx/CMakeFiles/STM32_Drivers.dir/__/__/Drivers/STM32F1xx_HAL_Driver/Src/stm32f1xx_hal_cortex.c.obj
 .ARM.attributes
                0x0000031a       0x2d cmake/stm32cubemx/CMakeFiles/STM32_Drivers.dir/__/__/Drivers/STM32F1xx_HAL_Driver/Src/stm32f1xx_hal_pwr.c.obj
 .ARM.attributes
                0x00000347       0x2d cmake/stm32cubemx/CMakeFiles/STM32_Drivers.dir/__/__/Drivers/STM32F1xx_HAL_Driver/Src/stm32f1xx_hal_rtc.c.obj
 .ARM.attributes
                0x00000374       0x2d cmake/stm32cubemx/CMakeFiles/STM32_Drivers.dir/__/__/Drivers/STM32F1xx_HAL_Driver/Src/stm32f1xx_hal_rtc_ex.c.obj
 .ARM.attributes
                0x000003a1       0x2d cmake/stm32cubemx/CMakeFiles/STM32_Drivers.dir/__/__/Drivers/STM32F1xx_HAL_Driver/Src/stm32f1xx_hal_tim.c.obj
 .ARM.attributes
                0x000003ce       0x2d cmake/stm32cubemx/CMakeFiles/STM32_Drivers.dir/__/__/Drivers/STM32F1xx_HAL_Driver/Src/stm32f1xx_hal_tim_ex.c.obj
 .ARM.attributes
                0x000003fb       0x2d cmake/stm32cubemx/CMakeFiles/STM32_Drivers.dir/__/__/Drivers/STM32F1xx_HAL_Driver/Src/stm32f1xx_hal_uart.c.obj
 .ARM.attributes
                0x00000428       0x2d CMakeFiles/proj007stm32c6t6CMAKE.dir/Core/Src/main.c.obj
 .ARM.attributes
                0x00000455       0x2d CMakeFiles/proj007stm32c6t6CMAKE.dir/Core/Src/stm32f1xx_it.c.obj
 .ARM.attributes
                0x00000482       0x2d CMakeFiles/proj007stm32c6t6CMAKE.dir/Core/Src/stm32f1xx_hal_msp.c.obj
 .ARM.attributes
                0x000004af       0x2d CMakeFiles/proj007stm32c6t6CMAKE.dir/Core/Src/sysmem.c.obj
 .ARM.attributes
                0x000004dc       0x21 CMakeFiles/proj007stm32c6t6CMAKE.dir/startup_stm32f103x6.s.obj
 .ARM.attributes
                0x000004fd       0x2d /usr/lib/gcc/arm-none-eabi/15/../../../../arm-none-eabi/lib/thumb/v7-m/nofp/libg_nano.a(libc_a-sprintf.o)
 .ARM.attributes
                0x0000052a       0x2d /usr/lib/gcc/arm-none-eabi/15/../../../../arm-none-eabi/lib/thumb/v7-m/nofp/libg_nano.a(libc_a-errno.o)
 .ARM.attributes
                0x00000557       0x17 /usr/lib/gcc/arm-none-eabi/15/../../../../arm-none-eabi/lib/thumb/v7-m/nofp/libg_nano.a(libc_a-strlen.o)
 .ARM.attributes
                0x0000056e       0x2d /usr/lib/gcc/arm-none-eabi/15/../../../../arm-none-eabi/lib/thumb/v7-m/nofp/libg_nano.a(libc_a-nano-svfprintf.o)
 .ARM.attributes
                0x0000059b       0x2d /usr/lib/gcc/arm-none-eabi/15/../../../../arm-none-eabi/lib/thumb/v7-m/nofp/libg_nano.a(libc_a-nano-vfprintf_i.o)
 .ARM.attributes
                0x000005c8       0x2d /usr/lib/gcc/arm-none-eabi/15/../../../../arm-none-eabi/lib/thumb/v7-m/nofp/libg_nano.a(libc_a-memmove.o)
 .ARM.attributes
                0x000005f5       0x2d /usr/lib/gcc/arm-none-eabi/15/../../../../arm-none-eabi/lib/thumb/v7-m/nofp/libg_nano.a(libc_a-memchr-stub.o)
 .ARM.attributes
                0x00000622       0x2d /usr/lib/gcc/arm-none-eabi/15/../../../../arm-none-eabi/lib/thumb/v7-m/nofp/libg_nano.a(libc_a-memcpy-stub.o)
 .ARM.attributes
                0x0000064f       0x2d /usr/lib/gcc/arm-none-eabi/15/../../../../arm-none-eabi/lib/thumb/v7-m/nofp/libg_nano.a(libc_a-reallocr.o)
 .ARM.attributes
                0x0000067c       0x2d /usr/lib/gcc/arm-none-eabi/15/../../../../arm-none-eabi/lib/thumb/v7-m/nofp/libg_nano.a(libc_a-msizer.o)
 .ARM.attributes
                0x000006a9       0x2d /usr/lib/gcc/arm-none-eabi/15/thumb/v7-m/nofp/crtend.o
 .ARM.attributes
                0x000006d6       0x1d /usr/lib/gcc/arm-none-eabi/15/thumb/v7-m/nofp/crtn.o

.comment        0x00000000       0x67
 .comment       0x00000000       0x67 /usr/lib/gcc/arm-none-eabi/15/thumb/v7-m/nofp/crtbegin.o
                                 0x33 (size before relaxing)
 .comment       0x00000067        0x0 /usr/lib/gcc/arm-none-eabi/15/../../../../arm-none-eabi/lib/thumb/v7-m/nofp/libc_nano.a(libc_a-findfp.o)
                                 0x36 (size before relaxing)
 .comment       0x00000067        0x0 /usr/lib/gcc/arm-none-eabi/15/../../../../arm-none-eabi/lib/thumb/v7-m/nofp/libc_nano.a(libc_a-memset.o)
                                 0x36 (size before relaxing)
 .comment       0x00000067        0x0 /usr/lib/gcc/arm-none-eabi/15/../../../../arm-none-eabi/lib/thumb/v7-m/nofp/libc_nano.a(libc_a-reent.o)
                                 0x36 (size before relaxing)
 .comment       0x00000067        0x0 /usr/lib/gcc/arm-none-eabi/15/../../../../arm-none-eabi/lib/thumb/v7-m/nofp/libc_nano.a(libc_a-impure.o)
                                 0x36 (size before relaxing)
 .comment       0x00000067        0x0 /usr/lib/gcc/arm-none-eabi/15/../../../../arm-none-eabi/lib/thumb/v7-m/nofp/libc_nano.a(libc_a-init.o)
                                 0x36 (size before relaxing)
 .comment       0x00000067        0x0 /usr/lib/gcc/arm-none-eabi/15/../../../../arm-none-eabi/lib/thumb/v7-m/nofp/libc_nano.a(libc_a-freer.o)
                                 0x36 (size before relaxing)
 .comment       0x00000067        0x0 /usr/lib/gcc/arm-none-eabi/15/../../../../arm-none-eabi/lib/thumb/v7-m/nofp/libc_nano.a(libc_a-mallocr.o)
                                 0x36 (size before relaxing)
 .comment       0x00000067        0x0 /usr/lib/gcc/arm-none-eabi/15/../../../../arm-none-eabi/lib/thumb/v7-m/nofp/libc_nano.a(libc_a-mlock.o)
                                 0x36 (size before relaxing)
 .comment       0x00000067        0x0 /usr/lib/gcc/arm-none-eabi/15/../../../../arm-none-eabi/lib/thumb/v7-m/nofp/libc_nano.a(libc_a-sbrkr.o)
                                 0x36 (size before relaxing)
 .comment       0x00000067        0x0 cmake/stm32cubemx/CMakeFiles/STM32_Drivers.dir/__/__/Core/Src/system_stm32f1xx.c.obj
                                 0x33 (size before relaxing)
 .comment       0x00000067        0x0 cmake/stm32cubemx/CMakeFiles/STM32_Drivers.dir/__/__/Drivers/STM32F1xx_HAL_Driver/Src/stm32f1xx_hal.c.obj
                                 0x33 (size before relaxing)
 .comment       0x00000067        0x0 cmake/stm32cubemx/CMakeFiles/STM32_Drivers.dir/__/__/Drivers/STM32F1xx_HAL_Driver/Src/stm32f1xx_hal_rcc.c.obj
                                 0x33 (size before relaxing)
 .comment       0x00000067        0x0 cmake/stm32cubemx/CMakeFiles/STM32_Drivers.dir/__/__/Drivers/STM32F1xx_HAL_Driver/Src/stm32f1xx_hal_rcc_ex.c.obj
                                 0x33 (size before relaxing)
 .comment       0x00000067        0x0 cmake/stm32cubemx/CMakeFiles/STM32_Drivers.dir/__/__/Drivers/STM32F1xx_HAL_Driver/Src/stm32f1xx_hal_gpio.c.obj
                                 0x33 (size before relaxing)
 .comment       0x00000067        0x0 cmake/stm32cubemx/CMakeFiles/STM32_Drivers.dir/__/__/Drivers/STM32F1xx_HAL_Driver/Src/stm32f1xx_hal_dma.c.obj
                                 0x33 (size before relaxing)
 .comment       0x00000067        0x0 cmake/stm32cubemx/CMakeFiles/STM32_Drivers.dir/__/__/Drivers/STM32F1xx_HAL_Driver/Src/stm32f1xx_hal_cortex.c.obj
                                 0x33 (size before relaxing)
 .comment       0x00000067        0x0 cmake/stm32cubemx/CMakeFiles/STM32_Drivers.dir/__/__/Drivers/STM32F1xx_HAL_Driver/Src/stm32f1xx_hal_pwr.c.obj
                                 0x33 (size before relaxing)
 .comment       0x00000067        0x0 cmake/stm32cubemx/CMakeFiles/STM32_Drivers.dir/__/__/Drivers/STM32F1xx_HAL_Driver/Src/stm32f1xx_hal_rtc.c.obj
                                 0x33 (size before relaxing)
 .comment       0x00000067        0x0 cmake/stm32cubemx/CMakeFiles/STM32_Drivers.dir/__/__/Drivers/STM32F1xx_HAL_Driver/Src/stm32f1xx_hal_rtc_ex.c.obj
                                 0x33 (size before relaxing)
 .comment       0x00000067        0x0 cmake/stm32cubemx/CMakeFiles/STM32_Drivers.dir/__/__/Drivers/STM32F1xx_HAL_Driver/Src/stm32f1xx_hal_tim.c.obj
                                 0x33 (size before relaxing)
 .comment       0x00000067        0x0 cmake/stm32cubemx/CMakeFiles/STM32_Drivers.dir/__/__/Drivers/STM32F1xx_HAL_Driver/Src/stm32f1xx_hal_tim_ex.c.obj
                                 0x33 (size before relaxing)
 .comment       0x00000067        0x0 cmake/stm32cubemx/CMakeFiles/STM32_Drivers.dir/__/__/Drivers/STM32F1xx_HAL_Driver/Src/stm32f1xx_hal_uart.c.obj
                                 0x33 (size before relaxing)
 .comment       0x00000067        0x0 CMakeFiles/proj007stm32c6t6CMAKE.dir/Core/Src/main.c.obj
                                 0x33 (size before relaxing)
 .comment       0x00000067        0x0 CMakeFiles/proj007stm32c6t6CMAKE.dir/Core/Src/stm32f1xx_it.c.obj
                                 0x33 (size before relaxing)
 .comment       0x00000067        0x0 CMakeFiles/proj007stm32c6t6CMAKE.dir/Core/Src/stm32f1xx_hal_msp.c.obj
                                 0x33 (size before relaxing)
 .comment       0x00000067        0x0 CMakeFiles/proj007stm32c6t6CMAKE.dir/Core/Src/sysmem.c.obj
                                 0x33 (size before relaxing)
 .comment       0x00000067        0x0 /usr/lib/gcc/arm-none-eabi/15/../../../../arm-none-eabi/lib/thumb/v7-m/nofp/libg_nano.a(libc_a-sprintf.o)
                                 0x36 (size before relaxing)
 .comment       0x00000067        0x0 /usr/lib/gcc/arm-none-eabi/15/../../../../arm-none-eabi/lib/thumb/v7-m/nofp/libg_nano.a(libc_a-errno.o)
                                 0x36 (size before relaxing)
 .comment       0x00000067        0x0 /usr/lib/gcc/arm-none-eabi/15/../../../../arm-none-eabi/lib/thumb/v7-m/nofp/libg_nano.a(libc_a-nano-svfprintf.o)
                                 0x36 (size before relaxing)
 .comment       0x00000067        0x0 /usr/lib/gcc/arm-none-eabi/15/../../../../arm-none-eabi/lib/thumb/v7-m/nofp/libg_nano.a(libc_a-nano-vfprintf_i.o)
                                 0x36 (size before relaxing)
 .comment       0x00000067        0x0 /usr/lib/gcc/arm-none-eabi/15/../../../../arm-none-eabi/lib/thumb/v7-m/nofp/libg_nano.a(libc_a-memmove.o)
                                 0x36 (size before relaxing)
 .comment       0x00000067        0x0 /usr/lib/gcc/arm-none-eabi/15/../../../../arm-none-eabi/lib/thumb/v7-m/nofp/libg_nano.a(libc_a-memchr-stub.o)
                                 0x36 (size before relaxing)
 .comment       0x00000067        0x0 /usr/lib/gcc/arm-none-eabi/15/../../../../arm-none-eabi/lib/thumb/v7-m/nofp/libg_nano.a(libc_a-memcpy-stub.o)
                                 0x36 (size before relaxing)
 .comment       0x00000067        0x0 /usr/lib/gcc/arm-none-eabi/15/../../../../arm-none-eabi/lib/thumb/v7-m/nofp/libg_nano.a(libc_a-reallocr.o)
                                 0x36 (size before relaxing)
 .comment       0x00000067        0x0 /usr/lib/gcc/arm-none-eabi/15/../../../../arm-none-eabi/lib/thumb/v7-m/nofp/libg_nano.a(libc_a-msizer.o)
                                 0x36 (size before relaxing)
 .comment       0x00000067        0x0 /usr/lib/gcc/arm-none-eabi/15/thumb/v7-m/nofp/crtend.o
                                 0x33 (size before relaxing)

.debug_info     0x00000000     0xea2b
 .debug_info    0x00000000      0x222 cmake/stm32cubemx/CMakeFiles/STM32_Drivers.dir/__/__/Core/Src/system_stm32f1xx.c.obj
 .debug_info    0x00000222      0x6e6 cmake/stm32cubemx/CMakeFiles/STM32_Drivers.dir/__/__/Drivers/STM32F1xx_HAL_Driver/Src/stm32f1xx_hal.c.obj
 .debug_info    0x00000908      0x7d5 cmake/stm32cubemx/CMakeFiles/STM32_Drivers.dir/__/__/Drivers/STM32F1xx_HAL_Driver/Src/stm32f1xx_hal_rcc.c.obj
 .debug_info    0x000010dd      0x3c0 cmake/stm32cubemx/CMakeFiles/STM32_Drivers.dir/__/__/Drivers/STM32F1xx_HAL_Driver/Src/stm32f1xx_hal_rcc_ex.c.obj
 .debug_info    0x0000149d      0x5ab cmake/stm32cubemx/CMakeFiles/STM32_Drivers.dir/__/__/Drivers/STM32F1xx_HAL_Driver/Src/stm32f1xx_hal_gpio.c.obj
 .debug_info    0x00001a48      0x6d2 cmake/stm32cubemx/CMakeFiles/STM32_Drivers.dir/__/__/Drivers/STM32F1xx_HAL_Driver/Src/stm32f1xx_hal_dma.c.obj
 .debug_info    0x0000211a      0xa69 cmake/stm32cubemx/CMakeFiles/STM32_Drivers.dir/__/__/Drivers/STM32F1xx_HAL_Driver/Src/stm32f1xx_hal_cortex.c.obj
 .debug_info    0x00002b83      0x628 cmake/stm32cubemx/CMakeFiles/STM32_Drivers.dir/__/__/Drivers/STM32F1xx_HAL_Driver/Src/stm32f1xx_hal_pwr.c.obj
 .debug_info    0x000031ab      0xc73 cmake/stm32cubemx/CMakeFiles/STM32_Drivers.dir/__/__/Drivers/STM32F1xx_HAL_Driver/Src/stm32f1xx_hal_rtc.c.obj
 .debug_info    0x00003e1e      0x6a7 cmake/stm32cubemx/CMakeFiles/STM32_Drivers.dir/__/__/Drivers/STM32F1xx_HAL_Driver/Src/stm32f1xx_hal_rtc_ex.c.obj
 .debug_info    0x000044c5     0x2959 cmake/stm32cubemx/CMakeFiles/STM32_Drivers.dir/__/__/Drivers/STM32F1xx_HAL_Driver/Src/stm32f1xx_hal_tim.c.obj
 .debug_info    0x00006e1e     0x149b cmake/stm32cubemx/CMakeFiles/STM32_Drivers.dir/__/__/Drivers/STM32F1xx_HAL_Driver/Src/stm32f1xx_hal_tim_ex.c.obj
 .debug_info    0x000082b9     0x2eed cmake/stm32cubemx/CMakeFiles/STM32_Drivers.dir/__/__/Drivers/STM32F1xx_HAL_Driver/Src/stm32f1xx_hal_uart.c.obj
 .debug_info    0x0000b1a6     0x1825 CMakeFiles/proj007stm32c6t6CMAKE.dir/Core/Src/main.c.obj
 .debug_info    0x0000c9cb      0xc26 CMakeFiles/proj007stm32c6t6CMAKE.dir/Core/Src/stm32f1xx_it.c.obj
 .debug_info    0x0000d5f1     0x12a2 CMakeFiles/proj007stm32c6t6CMAKE.dir/Core/Src/stm32f1xx_hal_msp.c.obj
 .debug_info    0x0000e893      0x168 CMakeFiles/proj007stm32c6t6CMAKE.dir/Core/Src/sysmem.c.obj
 .debug_info    0x0000e9fb       0x30 CMakeFiles/proj007stm32c6t6CMAKE.dir/startup_stm32f103x6.s.obj

.debug_abbrev   0x00000000     0x2457
 .debug_abbrev  0x00000000      0x13f cmake/stm32cubemx/CMakeFiles/STM32_Drivers.dir/__/__/Core/Src/system_stm32f1xx.c.obj
 .debug_abbrev  0x0000013f      0x201 cmake/stm32cubemx/CMakeFiles/STM32_Drivers.dir/__/__/Drivers/STM32F1xx_HAL_Driver/Src/stm32f1xx_hal.c.obj
 .debug_abbrev  0x00000340      0x2b3 cmake/stm32cubemx/CMakeFiles/STM32_Drivers.dir/__/__/Drivers/STM32F1xx_HAL_Driver/Src/stm32f1xx_hal_rcc.c.obj
 .debug_abbrev  0x000005f3      0x188 cmake/stm32cubemx/CMakeFiles/STM32_Drivers.dir/__/__/Drivers/STM32F1xx_HAL_Driver/Src/stm32f1xx_hal_rcc_ex.c.obj
 .debug_abbrev  0x0000077b      0x1ca cmake/stm32cubemx/CMakeFiles/STM32_Drivers.dir/__/__/Drivers/STM32F1xx_HAL_Driver/Src/stm32f1xx_hal_gpio.c.obj
 .debug_abbrev  0x00000945      0x20b cmake/stm32cubemx/CMakeFiles/STM32_Drivers.dir/__/__/Drivers/STM32F1xx_HAL_Driver/Src/stm32f1xx_hal_dma.c.obj
 .debug_abbrev  0x00000b50      0x2f8 cmake/stm32cubemx/CMakeFiles/STM32_Drivers.dir/__/__/Drivers/STM32F1xx_HAL_Driver/Src/stm32f1xx_hal_cortex.c.obj
 .debug_abbrev  0x00000e48      0x1f6 cmake/stm32cubemx/CMakeFiles/STM32_Drivers.dir/__/__/Drivers/STM32F1xx_HAL_Driver/Src/stm32f1xx_hal_pwr.c.obj
 .debug_abbrev  0x0000103e      0x23a cmake/stm32cubemx/CMakeFiles/STM32_Drivers.dir/__/__/Drivers/STM32F1xx_HAL_Driver/Src/stm32f1xx_hal_rtc.c.obj
 .debug_abbrev  0x00001278      0x22b cmake/stm32cubemx/CMakeFiles/STM32_Drivers.dir/__/__/Drivers/STM32F1xx_HAL_Driver/Src/stm32f1xx_hal_rtc_ex.c.obj
 .debug_abbrev  0x000014a3      0x277 cmake/stm32cubemx/CMakeFiles/STM32_Drivers.dir/__/__/Drivers/STM32F1xx_HAL_Driver/Src/stm32f1xx_hal_tim.c.obj
 .debug_abbrev  0x0000171a      0x282 cmake/stm32cubemx/CMakeFiles/STM32_Drivers.dir/__/__/Drivers/STM32F1xx_HAL_Driver/Src/stm32f1xx_hal_tim_ex.c.obj
 .debug_abbrev  0x0000199c      0x2f8 cmake/stm32cubemx/CMakeFiles/STM32_Drivers.dir/__/__/Drivers/STM32F1xx_HAL_Driver/Src/stm32f1xx_hal_uart.c.obj
 .debug_abbrev  0x00001c94      0x2e9 CMakeFiles/proj007stm32c6t6CMAKE.dir/Core/Src/main.c.obj
 .debug_abbrev  0x00001f7d      0x1c9 CMakeFiles/proj007stm32c6t6CMAKE.dir/Core/Src/stm32f1xx_it.c.obj
 .debug_abbrev  0x00002146      0x231 CMakeFiles/proj007stm32c6t6CMAKE.dir/Core/Src/stm32f1xx_hal_msp.c.obj
 .debug_abbrev  0x00002377       0xbc CMakeFiles/proj007stm32c6t6CMAKE.dir/Core/Src/sysmem.c.obj
 .debug_abbrev  0x00002433       0x24 CMakeFiles/proj007stm32c6t6CMAKE.dir/startup_stm32f103x6.s.obj

.debug_aranges  0x00000000      0xea8
 .debug_aranges
                0x00000000       0x28 cmake/stm32cubemx/CMakeFiles/STM32_Drivers.dir/__/__/Core/Src/system_stm32f1xx.c.obj
 .debug_aranges
                0x00000028       0xe0 cmake/stm32cubemx/CMakeFiles/STM32_Drivers.dir/__/__/Drivers/STM32F1xx_HAL_Driver/Src/stm32f1xx_hal.c.obj
 .debug_aranges
                0x00000108       0x90 cmake/stm32cubemx/CMakeFiles/STM32_Drivers.dir/__/__/Drivers/STM32F1xx_HAL_Driver/Src/stm32f1xx_hal_rcc.c.obj
 .debug_aranges
                0x00000198       0x30 cmake/stm32cubemx/CMakeFiles/STM32_Drivers.dir/__/__/Drivers/STM32F1xx_HAL_Driver/Src/stm32f1xx_hal_rcc_ex.c.obj
 .debug_aranges
                0x000001c8       0x58 cmake/stm32cubemx/CMakeFiles/STM32_Drivers.dir/__/__/Drivers/STM32F1xx_HAL_Driver/Src/stm32f1xx_hal_gpio.c.obj
 .debug_aranges
                0x00000220       0x80 cmake/stm32cubemx/CMakeFiles/STM32_Drivers.dir/__/__/Drivers/STM32F1xx_HAL_Driver/Src/stm32f1xx_hal_dma.c.obj
 .debug_aranges
                0x000002a0      0x100 cmake/stm32cubemx/CMakeFiles/STM32_Drivers.dir/__/__/Drivers/STM32F1xx_HAL_Driver/Src/stm32f1xx_hal_cortex.c.obj
 .debug_aranges
                0x000003a0       0xa8 cmake/stm32cubemx/CMakeFiles/STM32_Drivers.dir/__/__/Drivers/STM32F1xx_HAL_Driver/Src/stm32f1xx_hal_pwr.c.obj
 .debug_aranges
                0x00000448       0xf8 cmake/stm32cubemx/CMakeFiles/STM32_Drivers.dir/__/__/Drivers/STM32F1xx_HAL_Driver/Src/stm32f1xx_hal_rtc.c.obj
 .debug_aranges
                0x00000540       0x88 cmake/stm32cubemx/CMakeFiles/STM32_Drivers.dir/__/__/Drivers/STM32F1xx_HAL_Driver/Src/stm32f1xx_hal_rtc_ex.c.obj
 .debug_aranges
                0x000005c8      0x3d0 cmake/stm32cubemx/CMakeFiles/STM32_Drivers.dir/__/__/Drivers/STM32F1xx_HAL_Driver/Src/stm32f1xx_hal_tim.c.obj
 .debug_aranges
                0x00000998      0x168 cmake/stm32cubemx/CMakeFiles/STM32_Drivers.dir/__/__/Drivers/STM32F1xx_HAL_Driver/Src/stm32f1xx_hal_tim_ex.c.obj
 .debug_aranges
                0x00000b00      0x208 cmake/stm32cubemx/CMakeFiles/STM32_Drivers.dir/__/__/Drivers/STM32F1xx_HAL_Driver/Src/stm32f1xx_hal_uart.c.obj
 .debug_aranges
                0x00000d08       0x70 CMakeFiles/proj007stm32c6t6CMAKE.dir/Core/Src/main.c.obj
 .debug_aranges
                0x00000d78       0x88 CMakeFiles/proj007stm32c6t6CMAKE.dir/Core/Src/stm32f1xx_it.c.obj
 .debug_aranges
                0x00000e00       0x60 CMakeFiles/proj007stm32c6t6CMAKE.dir/Core/Src/stm32f1xx_hal_msp.c.obj
 .debug_aranges
                0x00000e60       0x20 CMakeFiles/proj007stm32c6t6CMAKE.dir/Core/Src/sysmem.c.obj
 .debug_aranges
                0x00000e80       0x28 CMakeFiles/proj007stm32c6t6CMAKE.dir/startup_stm32f103x6.s.obj

.debug_rnglists
                0x00000000      0xb69
 .debug_rnglists
                0x00000000       0x1a cmake/stm32cubemx/CMakeFiles/STM32_Drivers.dir/__/__/Core/Src/system_stm32f1xx.c.obj
 .debug_rnglists
                0x0000001a       0xa3 cmake/stm32cubemx/CMakeFiles/STM32_Drivers.dir/__/__/Drivers/STM32F1xx_HAL_Driver/Src/stm32f1xx_hal.c.obj
 .debug_rnglists
                0x000000bd       0x6c cmake/stm32cubemx/CMakeFiles/STM32_Drivers.dir/__/__/Drivers/STM32F1xx_HAL_Driver/Src/stm32f1xx_hal_rcc.c.obj
 .debug_rnglists
                0x00000129       0x21 cmake/stm32cubemx/CMakeFiles/STM32_Drivers.dir/__/__/Drivers/STM32F1xx_HAL_Driver/Src/stm32f1xx_hal_rcc_ex.c.obj
 .debug_rnglists
                0x0000014a       0x3f cmake/stm32cubemx/CMakeFiles/STM32_Drivers.dir/__/__/Drivers/STM32F1xx_HAL_Driver/Src/stm32f1xx_hal_gpio.c.obj
 .debug_rnglists
                0x00000189       0x64 cmake/stm32cubemx/CMakeFiles/STM32_Drivers.dir/__/__/Drivers/STM32F1xx_HAL_Driver/Src/stm32f1xx_hal_dma.c.obj
 .debug_rnglists
                0x000001ed       0xbb cmake/stm32cubemx/CMakeFiles/STM32_Drivers.dir/__/__/Drivers/STM32F1xx_HAL_Driver/Src/stm32f1xx_hal_cortex.c.obj
 .debug_rnglists
                0x000002a8       0x7a cmake/stm32cubemx/CMakeFiles/STM32_Drivers.dir/__/__/Drivers/STM32F1xx_HAL_Driver/Src/stm32f1xx_hal_pwr.c.obj
 .debug_rnglists
                0x00000322       0xc1 cmake/stm32cubemx/CMakeFiles/STM32_Drivers.dir/__/__/Drivers/STM32F1xx_HAL_Driver/Src/stm32f1xx_hal_rtc.c.obj
 .debug_rnglists
                0x000003e3       0x63 cmake/stm32cubemx/CMakeFiles/STM32_Drivers.dir/__/__/Drivers/STM32F1xx_HAL_Driver/Src/stm32f1xx_hal_rtc_ex.c.obj
 .debug_rnglists
                0x00000446      0x319 cmake/stm32cubemx/CMakeFiles/STM32_Drivers.dir/__/__/Drivers/STM32F1xx_HAL_Driver/Src/stm32f1xx_hal_tim.c.obj
 .debug_rnglists
                0x0000075f      0x125 cmake/stm32cubemx/CMakeFiles/STM32_Drivers.dir/__/__/Drivers/STM32F1xx_HAL_Driver/Src/stm32f1xx_hal_tim_ex.c.obj
 .debug_rnglists
                0x00000884      0x1bc cmake/stm32cubemx/CMakeFiles/STM32_Drivers.dir/__/__/Drivers/STM32F1xx_HAL_Driver/Src/stm32f1xx_hal_uart.c.obj
 .debug_rnglists
                0x00000a40       0x56 CMakeFiles/proj007stm32c6t6CMAKE.dir/Core/Src/main.c.obj
 .debug_rnglists
                0x00000a96       0x61 CMakeFiles/proj007stm32c6t6CMAKE.dir/Core/Src/stm32f1xx_it.c.obj
 .debug_rnglists
                0x00000af7       0x46 CMakeFiles/proj007stm32c6t6CMAKE.dir/Core/Src/stm32f1xx_hal_msp.c.obj
 .debug_rnglists
                0x00000b3d       0x13 CMakeFiles/proj007stm32c6t6CMAKE.dir/Core/Src/sysmem.c.obj
 .debug_rnglists
                0x00000b50       0x19 CMakeFiles/proj007stm32c6t6CMAKE.dir/startup_stm32f103x6.s.obj

.debug_macro    0x00000000    0x183fb
 .debug_macro   0x00000000      0x1c9 cmake/stm32cubemx/CMakeFiles/STM32_Drivers.dir/__/__/Core/Src/system_stm32f1xx.c.obj
 .debug_macro   0x000001c9      0x826 cmake/stm32cubemx/CMakeFiles/STM32_Drivers.dir/__/__/Core/Src/system_stm32f1xx.c.obj
 .debug_macro   0x000009ef       0x2e cmake/stm32cubemx/CMakeFiles/STM32_Drivers.dir/__/__/Core/Src/system_stm32f1xx.c.obj
 .debug_macro   0x00000a1d       0x22 cmake/stm32cubemx/CMakeFiles/STM32_Drivers.dir/__/__/Core/Src/system_stm32f1xx.c.obj
 .debug_macro   0x00000a3f       0x22 cmake/stm32cubemx/CMakeFiles/STM32_Drivers.dir/__/__/Core/Src/system_stm32f1xx.c.obj
 .debug_macro   0x00000a61       0x8e cmake/stm32cubemx/CMakeFiles/STM32_Drivers.dir/__/__/Core/Src/system_stm32f1xx.c.obj
 .debug_macro   0x00000aef       0x51 cmake/stm32cubemx/CMakeFiles/STM32_Drivers.dir/__/__/Core/Src/system_stm32f1xx.c.obj
 .debug_macro   0x00000b40      0x103 cmake/stm32cubemx/CMakeFiles/STM32_Drivers.dir/__/__/Core/Src/system_stm32f1xx.c.obj
 .debug_macro   0x00000c43       0x6a cmake/stm32cubemx/CMakeFiles/STM32_Drivers.dir/__/__/Core/Src/system_stm32f1xx.c.obj
 .debug_macro   0x00000cad      0x1df cmake/stm32cubemx/CMakeFiles/STM32_Drivers.dir/__/__/Core/Src/system_stm32f1xx.c.obj
 .debug_macro   0x00000e8c       0x1c cmake/stm32cubemx/CMakeFiles/STM32_Drivers.dir/__/__/Core/Src/system_stm32f1xx.c.obj
 .debug_macro   0x00000ea8       0x22 cmake/stm32cubemx/CMakeFiles/STM32_Drivers.dir/__/__/Core/Src/system_stm32f1xx.c.obj
 .debug_macro   0x00000eca       0xbd cmake/stm32cubemx/CMakeFiles/STM32_Drivers.dir/__/__/Core/Src/system_stm32f1xx.c.obj
 .debug_macro   0x00000f87      0xd23 cmake/stm32cubemx/CMakeFiles/STM32_Drivers.dir/__/__/Core/Src/system_stm32f1xx.c.obj
 .debug_macro   0x00001caa     0xde75 cmake/stm32cubemx/CMakeFiles/STM32_Drivers.dir/__/__/Core/Src/system_stm32f1xx.c.obj
 .debug_macro   0x0000fb1f       0x6d cmake/stm32cubemx/CMakeFiles/STM32_Drivers.dir/__/__/Core/Src/system_stm32f1xx.c.obj
 .debug_macro   0x0000fb8c      0x22d cmake/stm32cubemx/CMakeFiles/STM32_Drivers.dir/__/__/Core/Src/system_stm32f1xx.c.obj
 .debug_macro   0x0000fdb9     0x34a2 cmake/stm32cubemx/CMakeFiles/STM32_Drivers.dir/__/__/Core/Src/system_stm32f1xx.c.obj
 .debug_macro   0x0001325b      0x190 cmake/stm32cubemx/CMakeFiles/STM32_Drivers.dir/__/__/Core/Src/system_stm32f1xx.c.obj
 .debug_macro   0x000133eb       0x5c cmake/stm32cubemx/CMakeFiles/STM32_Drivers.dir/__/__/Core/Src/system_stm32f1xx.c.obj
 .debug_macro   0x00013447      0x5bc cmake/stm32cubemx/CMakeFiles/STM32_Drivers.dir/__/__/Core/Src/system_stm32f1xx.c.obj
 .debug_macro   0x00013a03      0x1b7 cmake/stm32cubemx/CMakeFiles/STM32_Drivers.dir/__/__/Core/Src/system_stm32f1xx.c.obj
 .debug_macro   0x00013bba      0x1cb cmake/stm32cubemx/CMakeFiles/STM32_Drivers.dir/__/__/Core/Src/system_stm32f1xx.c.obj
 .debug_macro   0x00013d85      0x114 cmake/stm32cubemx/CMakeFiles/STM32_Drivers.dir/__/__/Core/Src/system_stm32f1xx.c.obj
 .debug_macro   0x00013e99      0x1b2 cmake/stm32cubemx/CMakeFiles/STM32_Drivers.dir/__/__/Core/Src/system_stm32f1xx.c.obj
 .debug_macro   0x0001404b       0x27 cmake/stm32cubemx/CMakeFiles/STM32_Drivers.dir/__/__/Core/Src/system_stm32f1xx.c.obj
 .debug_macro   0x00014072      0x12f cmake/stm32cubemx/CMakeFiles/STM32_Drivers.dir/__/__/Core/Src/system_stm32f1xx.c.obj
 .debug_macro   0x000141a1      0x1bc cmake/stm32cubemx/CMakeFiles/STM32_Drivers.dir/__/__/Core/Src/system_stm32f1xx.c.obj
 .debug_macro   0x0001435d       0x34 cmake/stm32cubemx/CMakeFiles/STM32_Drivers.dir/__/__/Core/Src/system_stm32f1xx.c.obj
 .debug_macro   0x00014391       0x3c cmake/stm32cubemx/CMakeFiles/STM32_Drivers.dir/__/__/Core/Src/system_stm32f1xx.c.obj
 .debug_macro   0x000143cd       0x57 cmake/stm32cubemx/CMakeFiles/STM32_Drivers.dir/__/__/Core/Src/system_stm32f1xx.c.obj
 .debug_macro   0x00014424       0x87 cmake/stm32cubemx/CMakeFiles/STM32_Drivers.dir/__/__/Core/Src/system_stm32f1xx.c.obj
 .debug_macro   0x000144ab      0x183 cmake/stm32cubemx/CMakeFiles/STM32_Drivers.dir/__/__/Core/Src/system_stm32f1xx.c.obj
 .debug_macro   0x0001462e      0x287 cmake/stm32cubemx/CMakeFiles/STM32_Drivers.dir/__/__/Core/Src/system_stm32f1xx.c.obj
 .debug_macro   0x000148b5       0x78 cmake/stm32cubemx/CMakeFiles/STM32_Drivers.dir/__/__/Core/Src/system_stm32f1xx.c.obj
 .debug_macro   0x0001492d      0x140 cmake/stm32cubemx/CMakeFiles/STM32_Drivers.dir/__/__/Core/Src/system_stm32f1xx.c.obj
 .debug_macro   0x00014a6d      0x1ef cmake/stm32cubemx/CMakeFiles/STM32_Drivers.dir/__/__/Core/Src/system_stm32f1xx.c.obj
 .debug_macro   0x00014c5c       0xeb cmake/stm32cubemx/CMakeFiles/STM32_Drivers.dir/__/__/Core/Src/system_stm32f1xx.c.obj
 .debug_macro   0x00014d47      0x8ed cmake/stm32cubemx/CMakeFiles/STM32_Drivers.dir/__/__/Core/Src/system_stm32f1xx.c.obj
 .debug_macro   0x00015634      0x28e cmake/stm32cubemx/CMakeFiles/STM32_Drivers.dir/__/__/Core/Src/system_stm32f1xx.c.obj
 .debug_macro   0x000158c2       0x69 cmake/stm32cubemx/CMakeFiles/STM32_Drivers.dir/__/__/Core/Src/system_stm32f1xx.c.obj
 .debug_macro   0x0001592b      0x1ed cmake/stm32cubemx/CMakeFiles/STM32_Drivers.dir/__/__/Drivers/STM32F1xx_HAL_Driver/Src/stm32f1xx_hal.c.obj
 .debug_macro   0x00015b18      0x1db cmake/stm32cubemx/CMakeFiles/STM32_Drivers.dir/__/__/Drivers/STM32F1xx_HAL_Driver/Src/stm32f1xx_hal_rcc.c.obj
 .debug_macro   0x00015cf3      0x1c9 cmake/stm32cubemx/CMakeFiles/STM32_Drivers.dir/__/__/Drivers/STM32F1xx_HAL_Driver/Src/stm32f1xx_hal_rcc_ex.c.obj
 .debug_macro   0x00015ebc      0x234 cmake/stm32cubemx/CMakeFiles/STM32_Drivers.dir/__/__/Drivers/STM32F1xx_HAL_Driver/Src/stm32f1xx_hal_gpio.c.obj
 .debug_macro   0x000160f0      0x1c9 cmake/stm32cubemx/CMakeFiles/STM32_Drivers.dir/__/__/Drivers/STM32F1xx_HAL_Driver/Src/stm32f1xx_hal_dma.c.obj
 .debug_macro   0x000162b9      0x1c9 cmake/stm32cubemx/CMakeFiles/STM32_Drivers.dir/__/__/Drivers/STM32F1xx_HAL_Driver/Src/stm32f1xx_hal_cortex.c.obj
 .debug_macro   0x00016482      0x229 cmake/stm32cubemx/CMakeFiles/STM32_Drivers.dir/__/__/Drivers/STM32F1xx_HAL_Driver/Src/stm32f1xx_hal_pwr.c.obj
 .debug_macro   0x000166ab      0x1d8 cmake/stm32cubemx/CMakeFiles/STM32_Drivers.dir/__/__/Drivers/STM32F1xx_HAL_Driver/Src/stm32f1xx_hal_rtc.c.obj
 .debug_macro   0x00016883      0x1c9 cmake/stm32cubemx/CMakeFiles/STM32_Drivers.dir/__/__/Drivers/STM32F1xx_HAL_Driver/Src/stm32f1xx_hal_rtc_ex.c.obj
 .debug_macro   0x00016a4c      0x1ca cmake/stm32cubemx/CMakeFiles/STM32_Drivers.dir/__/__/Drivers/STM32F1xx_HAL_Driver/Src/stm32f1xx_hal_tim.c.obj
 .debug_macro   0x00016c16      0x1c9 cmake/stm32cubemx/CMakeFiles/STM32_Drivers.dir/__/__/Drivers/STM32F1xx_HAL_Driver/Src/stm32f1xx_hal_tim_ex.c.obj
 .debug_macro   0x00016ddf      0x1ca cmake/stm32cubemx/CMakeFiles/STM32_Drivers.dir/__/__/Drivers/STM32F1xx_HAL_Driver/Src/stm32f1xx_hal_uart.c.obj
 .debug_macro   0x00016fa9      0x2cd CMakeFiles/proj007stm32c6t6CMAKE.dir/Core/Src/main.c.obj
 .debug_macro   0x00017276       0x5f CMakeFiles/proj007stm32c6t6CMAKE.dir/Core/Src/main.c.obj
 .debug_macro   0x000172d5       0x24 CMakeFiles/proj007stm32c6t6CMAKE.dir/Core/Src/main.c.obj
 .debug_macro   0x000172f9       0x3c CMakeFiles/proj007stm32c6t6CMAKE.dir/Core/Src/main.c.obj
 .debug_macro   0x00017335       0x34 CMakeFiles/proj007stm32c6t6CMAKE.dir/Core/Src/main.c.obj
 .debug_macro   0x00017369       0x16 CMakeFiles/proj007stm32c6t6CMAKE.dir/Core/Src/main.c.obj
 .debug_macro   0x0001737f       0x3c CMakeFiles/proj007stm32c6t6CMAKE.dir/Core/Src/main.c.obj
 .debug_macro   0x000173bb      0x364 CMakeFiles/proj007stm32c6t6CMAKE.dir/Core/Src/main.c.obj
 .debug_macro   0x0001771f       0x10 CMakeFiles/proj007stm32c6t6CMAKE.dir/Core/Src/main.c.obj
 .debug_macro   0x0001772f       0x16 CMakeFiles/proj007stm32c6t6CMAKE.dir/Core/Src/main.c.obj
 .debug_macro   0x00017745       0x4a CMakeFiles/proj007stm32c6t6CMAKE.dir/Core/Src/main.c.obj
 .debug_macro   0x0001778f       0x34 CMakeFiles/proj007stm32c6t6CMAKE.dir/Core/Src/main.c.obj
 .debug_macro   0x000177c3       0x10 CMakeFiles/proj007stm32c6t6CMAKE.dir/Core/Src/main.c.obj
 .debug_macro   0x000177d3       0x52 CMakeFiles/proj007stm32c6t6CMAKE.dir/Core/Src/main.c.obj
 .debug_macro   0x00017825      0x1e5 CMakeFiles/proj007stm32c6t6CMAKE.dir/Core/Src/main.c.obj
 .debug_macro   0x00017a0a       0x16 CMakeFiles/proj007stm32c6t6CMAKE.dir/Core/Src/main.c.obj
 .debug_macro   0x00017a20       0x16 CMakeFiles/proj007stm32c6t6CMAKE.dir/Core/Src/main.c.obj
 .debug_macro   0x00017a36      0x170 CMakeFiles/proj007stm32c6t6CMAKE.dir/Core/Src/main.c.obj
 .debug_macro   0x00017ba6       0x16 CMakeFiles/proj007stm32c6t6CMAKE.dir/Core/Src/main.c.obj
 .debug_macro   0x00017bbc      0x1dd CMakeFiles/proj007stm32c6t6CMAKE.dir/Core/Src/stm32f1xx_it.c.obj
 .debug_macro   0x00017d99      0x1d3 CMakeFiles/proj007stm32c6t6CMAKE.dir/Core/Src/stm32f1xx_hal_msp.c.obj
 .debug_macro   0x00017f6c       0xff CMakeFiles/proj007stm32c6t6CMAKE.dir/Core/Src/sysmem.c.obj
 .debug_macro   0x0001806b       0x10 CMakeFiles/proj007stm32c6t6CMAKE.dir/Core/Src/sysmem.c.obj
 .debug_macro   0x0001807b       0x59 CMakeFiles/proj007stm32c6t6CMAKE.dir/Core/Src/sysmem.c.obj
 .debug_macro   0x000180d4       0x94 CMakeFiles/proj007stm32c6t6CMAKE.dir/Core/Src/sysmem.c.obj
 .debug_macro   0x00018168       0x57 CMakeFiles/proj007stm32c6t6CMAKE.dir/Core/Src/sysmem.c.obj
 .debug_macro   0x000181bf      0x23c CMakeFiles/proj007stm32c6t6CMAKE.dir/Core/Src/sysmem.c.obj

.debug_line     0x00000000     0xecab
 .debug_line    0x00000000      0x646 cmake/stm32cubemx/CMakeFiles/STM32_Drivers.dir/__/__/Core/Src/system_stm32f1xx.c.obj
 .debug_line    0x00000646      0x87a cmake/stm32cubemx/CMakeFiles/STM32_Drivers.dir/__/__/Drivers/STM32F1xx_HAL_Driver/Src/stm32f1xx_hal.c.obj
 .debug_line    0x00000ec0      0xd30 cmake/stm32cubemx/CMakeFiles/STM32_Drivers.dir/__/__/Drivers/STM32F1xx_HAL_Driver/Src/stm32f1xx_hal_rcc.c.obj
 .debug_line    0x00001bf0      0x7e1 cmake/stm32cubemx/CMakeFiles/STM32_Drivers.dir/__/__/Drivers/STM32F1xx_HAL_Driver/Src/stm32f1xx_hal_rcc_ex.c.obj
 .debug_line    0x000023d1      0x89c cmake/stm32cubemx/CMakeFiles/STM32_Drivers.dir/__/__/Drivers/STM32F1xx_HAL_Driver/Src/stm32f1xx_hal_gpio.c.obj
 .debug_line    0x00002c6d      0xc7b cmake/stm32cubemx/CMakeFiles/STM32_Drivers.dir/__/__/Drivers/STM32F1xx_HAL_Driver/Src/stm32f1xx_hal_dma.c.obj
 .debug_line    0x000038e8      0xa53 cmake/stm32cubemx/CMakeFiles/STM32_Drivers.dir/__/__/Drivers/STM32F1xx_HAL_Driver/Src/stm32f1xx_hal_cortex.c.obj
 .debug_line    0x0000433b      0x81b cmake/stm32cubemx/CMakeFiles/STM32_Drivers.dir/__/__/Drivers/STM32F1xx_HAL_Driver/Src/stm32f1xx_hal_pwr.c.obj
 .debug_line    0x00004b56     0x1086 cmake/stm32cubemx/CMakeFiles/STM32_Drivers.dir/__/__/Drivers/STM32F1xx_HAL_Driver/Src/stm32f1xx_hal_rtc.c.obj
 .debug_line    0x00005bdc      0x88e cmake/stm32cubemx/CMakeFiles/STM32_Drivers.dir/__/__/Drivers/STM32F1xx_HAL_Driver/Src/stm32f1xx_hal_rtc_ex.c.obj
 .debug_line    0x0000646a     0x332f cmake/stm32cubemx/CMakeFiles/STM32_Drivers.dir/__/__/Drivers/STM32F1xx_HAL_Driver/Src/stm32f1xx_hal_tim.c.obj
 .debug_line    0x00009799     0x16e6 cmake/stm32cubemx/CMakeFiles/STM32_Drivers.dir/__/__/Drivers/STM32F1xx_HAL_Driver/Src/stm32f1xx_hal_tim_ex.c.obj
 .debug_line    0x0000ae7f     0x2393 cmake/stm32cubemx/CMakeFiles/STM32_Drivers.dir/__/__/Drivers/STM32F1xx_HAL_Driver/Src/stm32f1xx_hal_uart.c.obj
 .debug_line    0x0000d212      0x9b9 CMakeFiles/proj007stm32c6t6CMAKE.dir/Core/Src/main.c.obj
 .debug_line    0x0000dbcb      0x71f CMakeFiles/proj007stm32c6t6CMAKE.dir/Core/Src/stm32f1xx_it.c.obj
 .debug_line    0x0000e2ea      0x727 CMakeFiles/proj007stm32c6t6CMAKE.dir/Core/Src/stm32f1xx_hal_msp.c.obj
 .debug_line    0x0000ea11      0x222 CMakeFiles/proj007stm32c6t6CMAKE.dir/Core/Src/sysmem.c.obj
 .debug_line    0x0000ec33       0x78 CMakeFiles/proj007stm32c6t6CMAKE.dir/startup_stm32f103x6.s.obj

.debug_str      0x00000000    0x8bbeb
 .debug_str     0x00000000    0x8bbeb cmake/stm32cubemx/CMakeFiles/STM32_Drivers.dir/__/__/Core/Src/system_stm32f1xx.c.obj
                              0x84210 (size before relaxing)
 .debug_str     0x0008bbeb        0x0 cmake/stm32cubemx/CMakeFiles/STM32_Drivers.dir/__/__/Drivers/STM32F1xx_HAL_Driver/Src/stm32f1xx_hal.c.obj
                              0x84909 (size before relaxing)
 .debug_str     0x0008bbeb        0x0 cmake/stm32cubemx/CMakeFiles/STM32_Drivers.dir/__/__/Drivers/STM32F1xx_HAL_Driver/Src/stm32f1xx_hal_rcc.c.obj
                              0x8463f (size before relaxing)
 .debug_str     0x0008bbeb        0x0 cmake/stm32cubemx/CMakeFiles/STM32_Drivers.dir/__/__/Drivers/STM32F1xx_HAL_Driver/Src/stm32f1xx_hal_rcc_ex.c.obj
                              0x8438f (size before relaxing)
 .debug_str     0x0008bbeb        0x0 cmake/stm32cubemx/CMakeFiles/STM32_Drivers.dir/__/__/Drivers/STM32F1xx_HAL_Driver/Src/stm32f1xx_hal_gpio.c.obj
                              0x84596 (size before relaxing)
 .debug_str     0x0008bbeb        0x0 cmake/stm32cubemx/CMakeFiles/STM32_Drivers.dir/__/__/Drivers/STM32F1xx_HAL_Driver/Src/stm32f1xx_hal_dma.c.obj
                              0x845b9 (size before relaxing)
 .debug_str     0x0008bbeb        0x0 cmake/stm32cubemx/CMakeFiles/STM32_Drivers.dir/__/__/Drivers/STM32F1xx_HAL_Driver/Src/stm32f1xx_hal_cortex.c.obj
                              0x84855 (size before relaxing)
 .debug_str     0x0008bbeb        0x0 cmake/stm32cubemx/CMakeFiles/STM32_Drivers.dir/__/__/Drivers/STM32F1xx_HAL_Driver/Src/stm32f1xx_hal_pwr.c.obj
                              0x84747 (size before relaxing)
 .debug_str     0x0008bbeb        0x0 cmake/stm32cubemx/CMakeFiles/STM32_Drivers.dir/__/__/Drivers/STM32F1xx_HAL_Driver/Src/stm32f1xx_hal_rtc.c.obj
                              0x8471b (size before relaxing)
 .debug_str     0x0008bbeb        0x0 cmake/stm32cubemx/CMakeFiles/STM32_Drivers.dir/__/__/Drivers/STM32F1xx_HAL_Driver/Src/stm32f1xx_hal_rtc_ex.c.obj
                              0x8455d (size before relaxing)
 .debug_str     0x0008bbeb        0x0 cmake/stm32cubemx/CMakeFiles/STM32_Drivers.dir/__/__/Drivers/STM32F1xx_HAL_Driver/Src/stm32f1xx_hal_tim.c.obj
                              0x85641 (size before relaxing)
 .debug_str     0x0008bbeb        0x0 cmake/stm32cubemx/CMakeFiles/STM32_Drivers.dir/__/__/Drivers/STM32F1xx_HAL_Driver/Src/stm32f1xx_hal_tim_ex.c.obj
                              0x84e4d (size before relaxing)
 .debug_str     0x0008bbeb        0x0 cmake/stm32cubemx/CMakeFiles/STM32_Drivers.dir/__/__/Drivers/STM32F1xx_HAL_Driver/Src/stm32f1xx_hal_uart.c.obj
                              0x84cb0 (size before relaxing)
 .debug_str     0x0008bbeb        0x0 CMakeFiles/proj007stm32c6t6CMAKE.dir/Core/Src/main.c.obj
                              0x8850e (size before relaxing)
 .debug_str     0x0008bbeb        0x0 CMakeFiles/proj007stm32c6t6CMAKE.dir/Core/Src/stm32f1xx_it.c.obj
                              0x84b09 (size before relaxing)
 .debug_str     0x0008bbeb        0x0 CMakeFiles/proj007stm32c6t6CMAKE.dir/Core/Src/stm32f1xx_hal_msp.c.obj
                              0x8505d (size before relaxing)
 .debug_str     0x0008bbeb        0x0 CMakeFiles/proj007stm32c6t6CMAKE.dir/Core/Src/sysmem.c.obj
                               0x6565 (size before relaxing)
 .debug_str     0x0008bbeb        0x0 CMakeFiles/proj007stm32c6t6CMAKE.dir/startup_stm32f103x6.s.obj
                                 0xbd (size before relaxing)

.debug_frame    0x00000000     0x3c58
 .debug_frame   0x00000000       0x58 cmake/stm32cubemx/CMakeFiles/STM32_Drivers.dir/__/__/Core/Src/system_stm32f1xx.c.obj
 .debug_frame   0x00000058      0x334 cmake/stm32cubemx/CMakeFiles/STM32_Drivers.dir/__/__/Drivers/STM32F1xx_HAL_Driver/Src/stm32f1xx_hal.c.obj
 .debug_frame   0x0000038c      0x218 cmake/stm32cubemx/CMakeFiles/STM32_Drivers.dir/__/__/Drivers/STM32F1xx_HAL_Driver/Src/stm32f1xx_hal_rcc.c.obj
 .debug_frame   0x000005a4       0x80 cmake/stm32cubemx/CMakeFiles/STM32_Drivers.dir/__/__/Drivers/STM32F1xx_HAL_Driver/Src/stm32f1xx_hal_rcc_ex.c.obj
 .debug_frame   0x00000624      0x14c cmake/stm32cubemx/CMakeFiles/STM32_Drivers.dir/__/__/Drivers/STM32F1xx_HAL_Driver/Src/stm32f1xx_hal_gpio.c.obj
 .debug_frame   0x00000770      0x208 cmake/stm32cubemx/CMakeFiles/STM32_Drivers.dir/__/__/Drivers/STM32F1xx_HAL_Driver/Src/stm32f1xx_hal_dma.c.obj
 .debug_frame   0x00000978      0x428 cmake/stm32cubemx/CMakeFiles/STM32_Drivers.dir/__/__/Drivers/STM32F1xx_HAL_Driver/Src/stm32f1xx_hal_cortex.c.obj
 .debug_frame   0x00000da0      0x270 cmake/stm32cubemx/CMakeFiles/STM32_Drivers.dir/__/__/Drivers/STM32F1xx_HAL_Driver/Src/stm32f1xx_hal_pwr.c.obj
 .debug_frame   0x00001010      0x434 cmake/stm32cubemx/CMakeFiles/STM32_Drivers.dir/__/__/Drivers/STM32F1xx_HAL_Driver/Src/stm32f1xx_hal_rtc.c.obj
 .debug_frame   0x00001444      0x234 cmake/stm32cubemx/CMakeFiles/STM32_Drivers.dir/__/__/Drivers/STM32F1xx_HAL_Driver/Src/stm32f1xx_hal_rtc_ex.c.obj
 .debug_frame   0x00001678     0x11b4 cmake/stm32cubemx/CMakeFiles/STM32_Drivers.dir/__/__/Drivers/STM32F1xx_HAL_Driver/Src/stm32f1xx_hal_tim.c.obj
 .debug_frame   0x0000282c      0x638 cmake/stm32cubemx/CMakeFiles/STM32_Drivers.dir/__/__/Drivers/STM32F1xx_HAL_Driver/Src/stm32f1xx_hal_tim_ex.c.obj
 .debug_frame   0x00002e64      0x944 cmake/stm32cubemx/CMakeFiles/STM32_Drivers.dir/__/__/Drivers/STM32F1xx_HAL_Driver/Src/stm32f1xx_hal_uart.c.obj
 .debug_frame   0x000037a8      0x174 CMakeFiles/proj007stm32c6t6CMAKE.dir/Core/Src/main.c.obj
 .debug_frame   0x0000391c      0x190 CMakeFiles/proj007stm32c6t6CMAKE.dir/Core/Src/stm32f1xx_it.c.obj
 .debug_frame   0x00003aac      0x158 CMakeFiles/proj007stm32c6t6CMAKE.dir/Core/Src/stm32f1xx_hal_msp.c.obj
 .debug_frame   0x00003c04       0x34 CMakeFiles/proj007stm32c6t6CMAKE.dir/Core/Src/sysmem.c.obj
 .debug_frame   0x00003c38       0x20 /usr/lib/gcc/arm-none-eabi/15/../../../../arm-none-eabi/lib/thumb/v7-m/nofp/libg_nano.a(libc_a-strlen.o)

.debug_line_str
                0x00000000       0xa1
 .debug_line_str
                0x00000000       0xa1 CMakeFiles/proj007stm32c6t6CMAKE.dir/startup_stm32f103x6.s.obj
